// Jest Snapshot v1, https://goo.gl/fbAQLP

exports[`<ButtonGroup> DOM element pass and spread the attrs prop 1`] = `
<div>
  <div
    className="htz-a htz-b htz-c htz-d"
    id={null}
    tabIndex="-1"
  >
    <button
      className="htz-e htz-f htz-g htz-h htz-i htz-j htz-k htz-l htz-m htz-n htz-o htz-p htz-q htz-r htz-s htz-t htz-u htz-v htz-w htz-x htz-y htz-z htz-ab htz-ac htz-ae htz-af htz-ag htz-ah htz-ai htz-aj htz-ak htz-al htz-am htz-an htz-ao htz-ap htz-aq htz-ar htz-as htz-at htz-au htz-av htz-aw htz-ax htz-ay htz-az htz-ba htz-bb htz-bc htz-bd htz-be htz-bf htz-bg htz-bh htz-bi htz-bj htz-bk htz-bl htz-bm htz-bn htz-bo"
      id={null}
      type="button"
    >
      <span
        className="htz-bp htz-bq htz-br htz-bs htz-bt htz-bu htz-bv"
      >
        click
      </span>
      <span
        className="htz-bw htz-bx htz-by htz-bz htz-ca htz-cb htz-cc htz-cd htz-ce htz-cf htz-cg htz-ch htz-ci"
      />
    </button>
    <button
      className="htz-e htz-f htz-g htz-h htz-i htz-j htz-k htz-l htz-m htz-n htz-o htz-p htz-q htz-r htz-s htz-t htz-u htz-v htz-w htz-x htz-y htz-z htz-ab htz-ac htz-ae htz-cj htz-ag htz-ah htz-ai htz-aj htz-ak htz-al htz-am htz-an htz-ao htz-ap htz-aq htz-ar htz-as htz-at htz-au htz-av htz-aw htz-ax htz-ay htz-az htz-ba htz-bb htz-bc htz-bd htz-be htz-bf htz-bg htz-bh htz-bi htz-bj htz-bk htz-bl htz-bm htz-bn htz-bo"
      id={null}
      type="button"
    >
      <span
        className="htz-bp htz-bq htz-br htz-bs htz-bt htz-bu htz-bv"
      >
        click
      </span>
      <span
        className="htz-bw htz-bx htz-by htz-bz htz-ca htz-cb htz-cc htz-cd htz-ce htz-cf htz-cg htz-ch htz-ci"
      />
    </button>
  </div>
</div>
`;

exports[`<ButtonGroup> DOM element render the id prop 1`] = `
<div>
  <div
    className="htz-a htz-b htz-c htz-d"
    id="testId"
  >
    <button
      className="htz-e htz-f htz-g htz-h htz-i htz-j htz-k htz-l htz-m htz-n htz-o htz-p htz-q htz-r htz-s htz-t htz-u htz-v htz-w htz-x htz-y htz-z htz-ab htz-ac htz-ae htz-af htz-ag htz-ah htz-ai htz-aj htz-ak htz-al htz-am htz-an htz-ao htz-ap htz-aq htz-ar htz-as htz-at htz-au htz-av htz-aw htz-ax htz-ay htz-az htz-ba htz-bb htz-bc htz-bd htz-be htz-bf htz-bg htz-bh htz-bi htz-bj htz-bk htz-bl htz-bm htz-bn htz-bo"
      id={null}
      type="button"
    >
      <span
        className="htz-bp htz-bq htz-br htz-bs htz-bt htz-bu htz-bv"
      >
        click
      </span>
      <span
        className="htz-bw htz-bx htz-by htz-bz htz-ca htz-cb htz-cc htz-cd htz-ce htz-cf htz-cg htz-ch htz-ci"
      />
    </button>
    <button
      className="htz-e htz-f htz-g htz-h htz-i htz-j htz-k htz-l htz-m htz-n htz-o htz-p htz-q htz-r htz-s htz-t htz-u htz-v htz-w htz-x htz-y htz-z htz-ab htz-ac htz-ae htz-cj htz-ag htz-ah htz-ai htz-aj htz-ak htz-al htz-am htz-an htz-ao htz-ap htz-aq htz-ar htz-as htz-at htz-au htz-av htz-aw htz-ax htz-ay htz-az htz-ba htz-bb htz-bc htz-bd htz-be htz-bf htz-bg htz-bh htz-bi htz-bj htz-bk htz-bl htz-bm htz-bn htz-bo"
      id={null}
      type="button"
    >
      <span
        className="htz-bp htz-bq htz-br htz-bs htz-bt htz-bu htz-bv"
      >
        click
      </span>
      <span
        className="htz-bw htz-bx htz-by htz-bz htz-ca htz-cb htz-cc htz-cd htz-ce htz-cf htz-cg htz-ch htz-ci"
      />
    </button>
  </div>
</div>
`;

exports[`<ButtonGroup> apply border radius correctly within a column group 1`] = `
<div>
  <div
    className="htz-a htz-b htz-c htz-d"
    id={null}
  >
    <button
      className="htz-e htz-f htz-g htz-h htz-i htz-j htz-k htz-l htz-m htz-n htz-o htz-p htz-q htz-r htz-s htz-t htz-u htz-v htz-w htz-x htz-y htz-z htz-ab htz-ac htz-ae htz-af htz-ag htz-ah htz-ai htz-aj htz-ak htz-al htz-am htz-an htz-ao htz-ap htz-aq htz-ar htz-as htz-at htz-au htz-av htz-aw htz-ax htz-ay htz-az htz-ba htz-bb htz-bc htz-bd htz-be htz-bf htz-bg htz-bh htz-bi htz-bj htz-bk htz-bl htz-bm htz-bn htz-bo"
      id={null}
      type="button"
    >
      <span
        className="htz-bp htz-bq htz-br htz-bs htz-bt htz-bu htz-bv"
      >
        click
      </span>
      <span
        className="htz-bw htz-bx htz-by htz-bz htz-ca htz-cb htz-cc htz-u htz-cd htz-ce htz-cf htz-cg htz-ch"
      />
    </button>
    <button
      className="htz-e htz-f htz-g htz-h htz-i htz-j htz-k htz-l htz-m htz-n htz-o htz-p htz-q htz-r htz-s htz-t htz-u htz-ci htz-cj htz-ck htz-x htz-y htz-z htz-ab htz-ac htz-ae htz-af htz-ag htz-ah htz-am htz-an htz-ao htz-ap htz-aq htz-ar htz-as htz-at htz-au htz-av htz-aw htz-ax htz-ay htz-az htz-ba htz-bb htz-bc htz-bd htz-be htz-bf htz-bg htz-bh htz-bi htz-bj htz-bk htz-bl htz-bm htz-bn htz-bo"
      id={null}
      type="button"
    >
      <span
        className="htz-bp htz-bq htz-br htz-bs htz-bt htz-bu htz-bv"
      >
        click
      </span>
      <span
        className="htz-bw htz-bx htz-by htz-bz htz-ca htz-cb htz-cc htz-u htz-cd htz-ce htz-cf htz-cg htz-ch"
      />
    </button>
    <button
      className="htz-e htz-f htz-g htz-h htz-i htz-j htz-k htz-l htz-m htz-n htz-o htz-p htz-q htz-r htz-s htz-t htz-u htz-ci htz-cj htz-ck htz-cl htz-cm htz-ab htz-ac htz-ae htz-af htz-ag htz-ah htz-cn htz-co htz-cp htz-cq htz-am htz-an htz-ao htz-ap htz-aq htz-ar htz-as htz-at htz-au htz-av htz-aw htz-ax htz-ay htz-az htz-ba htz-bb htz-bc htz-bd htz-be htz-bf htz-bg htz-bh htz-bi htz-bj htz-bk htz-bl htz-bm htz-bn htz-bo"
      id={null}
      type="button"
    >
      <span
        className="htz-bp htz-bq htz-br htz-bs htz-bt htz-bu htz-bv"
      >
        click
      </span>
      <span
        className="htz-bw htz-bx htz-by htz-bz htz-ca htz-cb htz-cc htz-u htz-cd htz-ce htz-cf htz-cg htz-ch"
      />
    </button>
  </div>
</div>
`;

exports[`<ButtonGroup> apply border radius correctly within a column group 2`] = `".htz-a{display:-webkit-box;display:-moz-box;display:-ms-flexbox;display:-webkit-flex;display:flex}.htz-b{flex-direction:column}.htz-c{-webkit-box-orient:vertical}.htz-d{-webkit-box-direction:normal}.htz-e{align-items:center}.htz-f{-webkit-appearance:none}.htz-g{-moz-appearance:none}.htz-h{appearance:none}.htz-i{cursor:pointer}.htz-j{display:-webkit-inline-box;display:-moz-inline-box;display:-ms-inline-flexbox;display:-webkit-inline-flex;display:inline-flex}.htz-k{font-weight:bold}.htz-l{font-size:inherit}.htz-m{justify-content:center}.htz-n{position:relative}.htz-o{transform:scale(1)}.htz-p{transition:all 0.16666666666666666s cubic-bezier(0, 0, .2, 0) , transform .3s cubic-bezier(.55, 0, .1, 1) .3s, backgroundColor .25s cubic-bezier(0, 0, .2, 0)}.htz-q{text-decoration:none}.htz-r{white-space:nowrap}.htz-s::moz-focus-inner{border:0}.htz-t::moz-focus-inner{padding:0}.htz-u{width:100%}.htz-v{border-bottom:0}.htz-w{padding-bottom:1rem}.htz-x{border-top-width:1px}.htz-y{border-top-style:solid}.htz-z{padding-top:calc(1rem - 1px)}.htz-ab{border-right-width:1px}.htz-ac{border-right-style:solid}.htz-ae{padding-right:4rem}.htz-af{border-left-width:1px}.htz-ag{border-left-style:solid}.htz-ah{padding-left:4rem}.htz-ai{border-top-right-radius:50%}.htz-aj{border-top-left-radius:50%}.htz-ak{border-bottom-right-radius:0}.htz-al{border-bottom-left-radius:0}.htz-am{background-color:#FFF}.htz-an{border-color:#0B7EB5}.htz-ao{color:#0B7EB5}.htz-ap:visited{color:#0B7EB5}.htz-aq:hover{text-decoration:none}.htz-ar:hover{transition:all 0.16666666666666666s cubic-bezier(.55, 0, .1, 1) , transform .3s cubic-bezier(.55, 0, .1, 1) .3s, backgroundColor .25s cubic-bezier(.55, 0, .1, 1)}.htz-as:hover{background-color:#ACD2ED}.htz-at:hover{border-color:#006B96}.htz-au:hover{color:#006B96}.htz-av:hover{-webkit-transition:all 0.16666666666666666s cubic-bezier(.55, 0, .1, 1) , transform .3s cubic-bezier(.55, 0, .1, 1) .3s, backgroundColor .25s cubic-bezier(.55, 0, .1, 1)}.htz-aw:hover{-moz-transition:all 0.16666666666666666s cubic-bezier(.55, 0, .1, 1) , transform .3s cubic-bezier(.55, 0, .1, 1) .3s, backgroundColor .25s cubic-bezier(.55, 0, .1, 1)}.htz-ax:focus{outline:none}.htz-ay:focus{text-decoration:none}.htz-az:focus{transition:all 0.16666666666666666s cubic-bezier(.55, 0, .1, 1) , transform .3s cubic-bezier(.55, 0, .1, 1) .3s, backgroundColor .25s cubic-bezier(.55, 0, .1, 1)}.htz-ba:focus{background-color:#0B7EB5}.htz-bb:focus{border-color:#0B7EB5}.htz-bc:focus{color:#FFF}.htz-bd:focus{-webkit-transition:all 0.16666666666666666s cubic-bezier(.55, 0, .1, 1) , transform .3s cubic-bezier(.55, 0, .1, 1) .3s, backgroundColor .25s cubic-bezier(.55, 0, .1, 1)}.htz-be:focus{-moz-transition:all 0.16666666666666666s cubic-bezier(.55, 0, .1, 1) , transform .3s cubic-bezier(.55, 0, .1, 1) .3s, backgroundColor .25s cubic-bezier(.55, 0, .1, 1)}.htz-bf:active{outline:none}.htz-bg:active{text-decoration:none}.htz-bh:active{transition-duration:0s}.htz-bi:active{background-color:#EBF2F5}.htz-bj:active{border-color:#0B7EB5}.htz-bk:active{color:#006B96}.htz-bl{-webkit-box-align:center}.htz-bm{-webkit-box-pack:center}.htz-bn{-webkit-transition:all 0.16666666666666666s cubic-bezier(0, 0, .2, 0) , transform .3s cubic-bezier(.55, 0, .1, 1) .3s, backgroundColor .25s cubic-bezier(0, 0, .2, 0)}.htz-bo{-moz-transition:all 0.16666666666666666s cubic-bezier(0, 0, .2, 0) , transform .3s cubic-bezier(.55, 0, .1, 1) .3s, backgroundColor .25s cubic-bezier(0, 0, .2, 0)}.htz-bp{opacity:1}.htz-bq{transition-property:opacity}.htz-br{transition-duration:0.16666666666666666s}.htz-bs{transition-timing-function:cubic-bezier(.55, 0, .1, 1)}.htz-bt{transition-delay:.3s}.htz-bu{-webkit-transition-property:opacity}.htz-bv{-moz-transition-property:opacity}.htz-bw{background-color:rgba(200,200,200, 0.3)}.htz-bx{height:100%}.htz-by{right:0}.htz-bz{position:absolute}.htz-ca{top:0}.htz-cb{transform:scaleX(0)}.htz-cc{transform-origin:right}.htz-cd{animation-direction:alternate}.htz-ce{animation-iteration-count:infinite}.htz-cf{animation-duration:1s}.htz-cg{animation-delay:0.75s}.htz-ch{animation-timing-function:cubic-bezier(.55, 0, .1, 1)}.htz-ci{border-bottom-width:1px}.htz-cj{border-bottom-style:solid}.htz-ck{padding-bottom:calc(1rem - 1px)}.htz-cl{border-top:0}.htz-cm{padding-top:1rem}.htz-cn{border-top-right-radius:0}.htz-co{border-top-left-radius:0}.htz-cp{border-bottom-right-radius:50%}.htz-cq{border-bottom-left-radius:50%}"`;

exports[`<ButtonGroup> apply border radius correctly within a row group 1`] = `
<div>
  <div
    className="htz-a htz-b htz-c htz-d"
    id={null}
  >
    <button
      className="htz-e htz-f htz-g htz-h htz-i htz-j htz-k htz-l htz-m htz-n htz-o htz-p htz-q htz-r htz-s htz-t htz-u htz-v htz-w htz-x htz-y htz-z htz-ab htz-ac htz-ae htz-af htz-ag htz-ah htz-ai htz-aj htz-ak htz-al htz-am htz-an htz-ao htz-ap htz-aq htz-ar htz-as htz-at htz-au htz-av htz-aw htz-ax htz-ay htz-az htz-ba htz-bb htz-bc htz-bd htz-be htz-bf htz-bg htz-bh htz-bi htz-bj htz-bk htz-bl htz-bm htz-bn htz-bo"
      id={null}
      type="button"
    >
      <span
        className="htz-bp htz-bq htz-br htz-bs htz-bt htz-bu htz-bv"
      >
        click
      </span>
      <span
        className="htz-bw htz-bx htz-by htz-bz htz-ca htz-cb htz-cc htz-cd htz-ce htz-cf htz-cg htz-ch htz-ci"
      />
    </button>
    <button
      className="htz-e htz-f htz-g htz-h htz-i htz-j htz-k htz-l htz-m htz-n htz-o htz-p htz-q htz-r htz-s htz-t htz-u htz-v htz-w htz-x htz-y htz-z htz-ab htz-ac htz-ae htz-af htz-ag htz-ah htz-am htz-an htz-ao htz-ap htz-aq htz-ar htz-as htz-at htz-au htz-av htz-aw htz-ax htz-ay htz-az htz-ba htz-bb htz-bc htz-bd htz-be htz-bf htz-bg htz-bh htz-bi htz-bj htz-bk htz-bl htz-bm htz-bn htz-bo"
      id={null}
      type="button"
    >
      <span
        className="htz-bp htz-bq htz-br htz-bs htz-bt htz-bu htz-bv"
      >
        click
      </span>
      <span
        className="htz-bw htz-bx htz-by htz-bz htz-ca htz-cb htz-cc htz-cd htz-ce htz-cf htz-cg htz-ch htz-ci"
      />
    </button>
    <button
      className="htz-e htz-f htz-g htz-h htz-i htz-j htz-k htz-l htz-m htz-n htz-o htz-p htz-q htz-r htz-s htz-t htz-u htz-v htz-w htz-x htz-y htz-z htz-ab htz-ac htz-ae htz-cj htz-ag htz-ah htz-ck htz-cl htz-cm htz-cn htz-am htz-an htz-ao htz-ap htz-aq htz-ar htz-as htz-at htz-au htz-av htz-aw htz-ax htz-ay htz-az htz-ba htz-bb htz-bc htz-bd htz-be htz-bf htz-bg htz-bh htz-bi htz-bj htz-bk htz-bl htz-bm htz-bn htz-bo"
      id={null}
      type="button"
    >
      <span
        className="htz-bp htz-bq htz-br htz-bs htz-bt htz-bu htz-bv"
      >
        click
      </span>
      <span
        className="htz-bw htz-bx htz-by htz-bz htz-ca htz-cb htz-cc htz-cd htz-ce htz-cf htz-cg htz-ch htz-ci"
      />
    </button>
  </div>
</div>
`;

exports[`<ButtonGroup> apply border radius correctly within a row group 2`] = `".htz-a{display:-webkit-box;display:-moz-box;display:-ms-flexbox;display:-webkit-flex;display:flex}.htz-b{flex-direction:row}.htz-c{-webkit-box-orient:horizontal}.htz-d{-webkit-box-direction:normal}.htz-e{align-items:center}.htz-f{-webkit-appearance:none}.htz-g{-moz-appearance:none}.htz-h{appearance:none}.htz-i{cursor:pointer}.htz-j{display:-webkit-inline-box;display:-moz-inline-box;display:-ms-inline-flexbox;display:-webkit-inline-flex;display:inline-flex}.htz-k{font-weight:bold}.htz-l{font-size:inherit}.htz-m{justify-content:center}.htz-n{position:relative}.htz-o{transform:scale(1)}.htz-p{transition:all 0.16666666666666666s cubic-bezier(0, 0, .2, 0) , transform .3s cubic-bezier(.55, 0, .1, 1) .3s, backgroundColor .25s cubic-bezier(0, 0, .2, 0)}.htz-q{text-decoration:none}.htz-r{white-space:nowrap}.htz-s::moz-focus-inner{border:0}.htz-t::moz-focus-inner{padding:0}.htz-u{border-bottom-width:1px}.htz-v{border-bottom-style:solid}.htz-w{padding-bottom:calc(1rem - 1px)}.htz-x{border-top-width:1px}.htz-y{border-top-style:solid}.htz-z{padding-top:calc(1rem - 1px)}.htz-ab{border-right-width:1px}.htz-ac{border-right-style:solid}.htz-ae{padding-right:4rem}.htz-af{border-left-width:0}.htz-ag{border-left-style:solid}.htz-ah{padding-left:4rem}.htz-ai{border-top-right-radius:50%}.htz-aj{border-top-left-radius:0}.htz-ak{border-bottom-right-radius:50%}.htz-al{border-bottom-left-radius:0}.htz-am{background-color:#FFF}.htz-an{border-color:#0B7EB5}.htz-ao{color:#0B7EB5}.htz-ap:visited{color:#0B7EB5}.htz-aq:hover{text-decoration:none}.htz-ar:hover{transition:all 0.16666666666666666s cubic-bezier(.55, 0, .1, 1) , transform .3s cubic-bezier(.55, 0, .1, 1) .3s, backgroundColor .25s cubic-bezier(.55, 0, .1, 1)}.htz-as:hover{background-color:#ACD2ED}.htz-at:hover{border-color:#006B96}.htz-au:hover{color:#006B96}.htz-av:hover{-webkit-transition:all 0.16666666666666666s cubic-bezier(.55, 0, .1, 1) , transform .3s cubic-bezier(.55, 0, .1, 1) .3s, backgroundColor .25s cubic-bezier(.55, 0, .1, 1)}.htz-aw:hover{-moz-transition:all 0.16666666666666666s cubic-bezier(.55, 0, .1, 1) , transform .3s cubic-bezier(.55, 0, .1, 1) .3s, backgroundColor .25s cubic-bezier(.55, 0, .1, 1)}.htz-ax:focus{outline:none}.htz-ay:focus{text-decoration:none}.htz-az:focus{transition:all 0.16666666666666666s cubic-bezier(.55, 0, .1, 1) , transform .3s cubic-bezier(.55, 0, .1, 1) .3s, backgroundColor .25s cubic-bezier(.55, 0, .1, 1)}.htz-ba:focus{background-color:#0B7EB5}.htz-bb:focus{border-color:#0B7EB5}.htz-bc:focus{color:#FFF}.htz-bd:focus{-webkit-transition:all 0.16666666666666666s cubic-bezier(.55, 0, .1, 1) , transform .3s cubic-bezier(.55, 0, .1, 1) .3s, backgroundColor .25s cubic-bezier(.55, 0, .1, 1)}.htz-be:focus{-moz-transition:all 0.16666666666666666s cubic-bezier(.55, 0, .1, 1) , transform .3s cubic-bezier(.55, 0, .1, 1) .3s, backgroundColor .25s cubic-bezier(.55, 0, .1, 1)}.htz-bf:active{outline:none}.htz-bg:active{text-decoration:none}.htz-bh:active{transition-duration:0s}.htz-bi:active{background-color:#EBF2F5}.htz-bj:active{border-color:#0B7EB5}.htz-bk:active{color:#006B96}.htz-bl{-webkit-box-align:center}.htz-bm{-webkit-box-pack:center}.htz-bn{-webkit-transition:all 0.16666666666666666s cubic-bezier(0, 0, .2, 0) , transform .3s cubic-bezier(.55, 0, .1, 1) .3s, backgroundColor .25s cubic-bezier(0, 0, .2, 0)}.htz-bo{-moz-transition:all 0.16666666666666666s cubic-bezier(0, 0, .2, 0) , transform .3s cubic-bezier(.55, 0, .1, 1) .3s, backgroundColor .25s cubic-bezier(0, 0, .2, 0)}.htz-bp{opacity:1}.htz-bq{transition-property:opacity}.htz-br{transition-duration:0.16666666666666666s}.htz-bs{transition-timing-function:cubic-bezier(.55, 0, .1, 1)}.htz-bt{transition-delay:.3s}.htz-bu{-webkit-transition-property:opacity}.htz-bv{-moz-transition-property:opacity}.htz-bw{background-color:rgba(200,200,200, 0.3)}.htz-bx{height:100%}.htz-by{right:0}.htz-bz{position:absolute}.htz-ca{top:0}.htz-cb{transform:scaleX(0)}.htz-cc{transform-origin:right}.htz-cd{width:100%}.htz-ce{animation-direction:alternate}.htz-cf{animation-iteration-count:infinite}.htz-cg{animation-duration:1s}.htz-ch{animation-delay:0.75s}.htz-ci{animation-timing-function:cubic-bezier(.55, 0, .1, 1)}.htz-cj{border-left-width:1px}.htz-ck{border-top-right-radius:0}.htz-cl{border-top-left-radius:50%}.htz-cm{border-bottom-right-radius:0}.htz-cn{border-bottom-left-radius:50%}"`;

exports[`<ButtonGroup> renders a group in column layout 1`] = `
<div>
  <div
    className="htz-a htz-b htz-c htz-d"
    id={null}
  >
    <button
      className="htz-e htz-f htz-g htz-h htz-i htz-j htz-k htz-l htz-m htz-n htz-o htz-p htz-q htz-r htz-s htz-t htz-u htz-v htz-w htz-x htz-y htz-z htz-ab htz-ac htz-ae htz-af htz-ag htz-ah htz-ai htz-aj htz-ak htz-al htz-am htz-an htz-ao htz-ap htz-aq htz-ar htz-as htz-at htz-au htz-av htz-aw htz-ax htz-ay htz-az htz-ba htz-bb htz-bc htz-bd htz-be htz-bf htz-bg htz-bh htz-bi htz-bj htz-bk htz-bl htz-bm htz-bn htz-bo"
      id={null}
      type="button"
    >
      <span
        className="htz-bp htz-bq htz-br htz-bs htz-bt htz-bu htz-bv"
      >
        click
      </span>
      <span
        className="htz-bw htz-bx htz-by htz-bz htz-ca htz-cb htz-cc htz-u htz-cd htz-ce htz-cf htz-cg htz-ch"
      />
    </button>
    <button
      className="htz-e htz-f htz-g htz-h htz-i htz-j htz-k htz-l htz-m htz-n htz-o htz-p htz-q htz-r htz-s htz-t htz-u htz-ci htz-cj htz-ck htz-x htz-y htz-z htz-ab htz-ac htz-ae htz-af htz-ag htz-ah htz-am htz-an htz-ao htz-ap htz-aq htz-ar htz-as htz-at htz-au htz-av htz-aw htz-ax htz-ay htz-az htz-ba htz-bb htz-bc htz-bd htz-be htz-bf htz-bg htz-bh htz-bi htz-bj htz-bk htz-bl htz-bm htz-bn htz-bo"
      id={null}
      type="button"
    >
      <span
        className="htz-bp htz-bq htz-br htz-bs htz-bt htz-bu htz-bv"
      >
        click
      </span>
      <span
        className="htz-bw htz-bx htz-by htz-bz htz-ca htz-cb htz-cc htz-u htz-cd htz-ce htz-cf htz-cg htz-ch"
      />
    </button>
    <button
      className="htz-e htz-f htz-g htz-h htz-i htz-j htz-k htz-l htz-m htz-n htz-o htz-p htz-q htz-r htz-s htz-t htz-u htz-ci htz-cj htz-ck htz-cl htz-cm htz-ab htz-ac htz-ae htz-af htz-ag htz-ah htz-ai htz-aj htz-ak htz-al htz-am htz-an htz-ao htz-ap htz-aq htz-ar htz-as htz-at htz-au htz-av htz-aw htz-ax htz-ay htz-az htz-ba htz-bb htz-bc htz-bd htz-be htz-bf htz-bg htz-bh htz-bi htz-bj htz-bk htz-bl htz-bm htz-bn htz-bo"
      id={null}
      type="button"
    >
      <span
        className="htz-bp htz-bq htz-br htz-bs htz-bt htz-bu htz-bv"
      >
        click
      </span>
      <span
        className="htz-bw htz-bx htz-by htz-bz htz-ca htz-cb htz-cc htz-u htz-cd htz-ce htz-cf htz-cg htz-ch"
      />
    </button>
  </div>
</div>
`;

exports[`<ButtonGroup> renders a group in column layout 2`] = `".htz-a{display:-webkit-box;display:-moz-box;display:-ms-flexbox;display:-webkit-flex;display:flex}.htz-b{flex-direction:column}.htz-c{-webkit-box-orient:vertical}.htz-d{-webkit-box-direction:normal}.htz-e{align-items:center}.htz-f{-webkit-appearance:none}.htz-g{-moz-appearance:none}.htz-h{appearance:none}.htz-i{cursor:pointer}.htz-j{display:-webkit-inline-box;display:-moz-inline-box;display:-ms-inline-flexbox;display:-webkit-inline-flex;display:inline-flex}.htz-k{font-weight:bold}.htz-l{font-size:inherit}.htz-m{justify-content:center}.htz-n{position:relative}.htz-o{transform:scale(1)}.htz-p{transition:all 0.16666666666666666s cubic-bezier(0, 0, .2, 0) , transform .3s cubic-bezier(.55, 0, .1, 1) .3s, backgroundColor .25s cubic-bezier(0, 0, .2, 0)}.htz-q{text-decoration:none}.htz-r{white-space:nowrap}.htz-s::moz-focus-inner{border:0}.htz-t::moz-focus-inner{padding:0}.htz-u{width:100%}.htz-v{border-bottom:0}.htz-w{padding-bottom:1rem}.htz-x{border-top-width:1px}.htz-y{border-top-style:solid}.htz-z{padding-top:calc(1rem - 1px)}.htz-ab{border-right-width:1px}.htz-ac{border-right-style:solid}.htz-ae{padding-right:4rem}.htz-af{border-left-width:1px}.htz-ag{border-left-style:solid}.htz-ah{padding-left:4rem}.htz-ai{border-top-right-radius:0}.htz-aj{border-top-left-radius:0}.htz-ak{border-bottom-right-radius:0}.htz-al{border-bottom-left-radius:0}.htz-am{background-color:#FFF}.htz-an{border-color:#0B7EB5}.htz-ao{color:#0B7EB5}.htz-ap:visited{color:#0B7EB5}.htz-aq:hover{text-decoration:none}.htz-ar:hover{transition:all 0.16666666666666666s cubic-bezier(.55, 0, .1, 1) , transform .3s cubic-bezier(.55, 0, .1, 1) .3s, backgroundColor .25s cubic-bezier(.55, 0, .1, 1)}.htz-as:hover{background-color:#ACD2ED}.htz-at:hover{border-color:#006B96}.htz-au:hover{color:#006B96}.htz-av:hover{-webkit-transition:all 0.16666666666666666s cubic-bezier(.55, 0, .1, 1) , transform .3s cubic-bezier(.55, 0, .1, 1) .3s, backgroundColor .25s cubic-bezier(.55, 0, .1, 1)}.htz-aw:hover{-moz-transition:all 0.16666666666666666s cubic-bezier(.55, 0, .1, 1) , transform .3s cubic-bezier(.55, 0, .1, 1) .3s, backgroundColor .25s cubic-bezier(.55, 0, .1, 1)}.htz-ax:focus{outline:none}.htz-ay:focus{text-decoration:none}.htz-az:focus{transition:all 0.16666666666666666s cubic-bezier(.55, 0, .1, 1) , transform .3s cubic-bezier(.55, 0, .1, 1) .3s, backgroundColor .25s cubic-bezier(.55, 0, .1, 1)}.htz-ba:focus{background-color:#0B7EB5}.htz-bb:focus{border-color:#0B7EB5}.htz-bc:focus{color:#FFF}.htz-bd:focus{-webkit-transition:all 0.16666666666666666s cubic-bezier(.55, 0, .1, 1) , transform .3s cubic-bezier(.55, 0, .1, 1) .3s, backgroundColor .25s cubic-bezier(.55, 0, .1, 1)}.htz-be:focus{-moz-transition:all 0.16666666666666666s cubic-bezier(.55, 0, .1, 1) , transform .3s cubic-bezier(.55, 0, .1, 1) .3s, backgroundColor .25s cubic-bezier(.55, 0, .1, 1)}.htz-bf:active{outline:none}.htz-bg:active{text-decoration:none}.htz-bh:active{transition-duration:0s}.htz-bi:active{background-color:#EBF2F5}.htz-bj:active{border-color:#0B7EB5}.htz-bk:active{color:#006B96}.htz-bl{-webkit-box-align:center}.htz-bm{-webkit-box-pack:center}.htz-bn{-webkit-transition:all 0.16666666666666666s cubic-bezier(0, 0, .2, 0) , transform .3s cubic-bezier(.55, 0, .1, 1) .3s, backgroundColor .25s cubic-bezier(0, 0, .2, 0)}.htz-bo{-moz-transition:all 0.16666666666666666s cubic-bezier(0, 0, .2, 0) , transform .3s cubic-bezier(.55, 0, .1, 1) .3s, backgroundColor .25s cubic-bezier(0, 0, .2, 0)}.htz-bp{opacity:1}.htz-bq{transition-property:opacity}.htz-br{transition-duration:0.16666666666666666s}.htz-bs{transition-timing-function:cubic-bezier(.55, 0, .1, 1)}.htz-bt{transition-delay:.3s}.htz-bu{-webkit-transition-property:opacity}.htz-bv{-moz-transition-property:opacity}.htz-bw{background-color:rgba(200,200,200, 0.3)}.htz-bx{height:100%}.htz-by{right:0}.htz-bz{position:absolute}.htz-ca{top:0}.htz-cb{transform:scaleX(0)}.htz-cc{transform-origin:right}.htz-cd{animation-direction:alternate}.htz-ce{animation-iteration-count:infinite}.htz-cf{animation-duration:1s}.htz-cg{animation-delay:0.75s}.htz-ch{animation-timing-function:cubic-bezier(.55, 0, .1, 1)}.htz-ci{border-bottom-width:1px}.htz-cj{border-bottom-style:solid}.htz-ck{padding-bottom:calc(1rem - 1px)}.htz-cl{border-top:0}.htz-cm{padding-top:1rem}"`;

exports[`<ButtonGroup> renders a group in row layout by default 1`] = `
<div>
  <div
    className="htz-a htz-b htz-c htz-d"
    id={null}
  >
    <button
      className="htz-e htz-f htz-g htz-h htz-i htz-j htz-k htz-l htz-m htz-n htz-o htz-p htz-q htz-r htz-s htz-t htz-u htz-v htz-w htz-x htz-y htz-z htz-ab htz-ac htz-ae htz-af htz-ag htz-ah htz-ai htz-aj htz-ak htz-al htz-am htz-an htz-ao htz-ap htz-aq htz-ar htz-as htz-at htz-au htz-av htz-aw htz-ax htz-ay htz-az htz-ba htz-bb htz-bc htz-bd htz-be htz-bf htz-bg htz-bh htz-bi htz-bj htz-bk htz-bl htz-bm htz-bn htz-bo"
      id={null}
      type="button"
    >
      <span
        className="htz-bp htz-bq htz-br htz-bs htz-bt htz-bu htz-bv"
      >
        click
      </span>
      <span
        className="htz-bw htz-bx htz-by htz-bz htz-ca htz-cb htz-cc htz-cd htz-ce htz-cf htz-cg htz-ch htz-ci"
      />
    </button>
    <button
      className="htz-e htz-f htz-g htz-h htz-i htz-j htz-k htz-l htz-m htz-n htz-o htz-p htz-q htz-r htz-s htz-t htz-u htz-v htz-w htz-x htz-y htz-z htz-ab htz-ac htz-ae htz-af htz-ag htz-ah htz-am htz-an htz-ao htz-ap htz-aq htz-ar htz-as htz-at htz-au htz-av htz-aw htz-ax htz-ay htz-az htz-ba htz-bb htz-bc htz-bd htz-be htz-bf htz-bg htz-bh htz-bi htz-bj htz-bk htz-bl htz-bm htz-bn htz-bo"
      id={null}
      type="button"
    >
      <span
        className="htz-bp htz-bq htz-br htz-bs htz-bt htz-bu htz-bv"
      >
        click
      </span>
      <span
        className="htz-bw htz-bx htz-by htz-bz htz-ca htz-cb htz-cc htz-cd htz-ce htz-cf htz-cg htz-ch htz-ci"
      />
    </button>
    <button
      className="htz-e htz-f htz-g htz-h htz-i htz-j htz-k htz-l htz-m htz-n htz-o htz-p htz-q htz-r htz-s htz-t htz-u htz-v htz-w htz-x htz-y htz-z htz-ab htz-ac htz-ae htz-cj htz-ag htz-ah htz-ai htz-aj htz-ak htz-al htz-am htz-an htz-ao htz-ap htz-aq htz-ar htz-as htz-at htz-au htz-av htz-aw htz-ax htz-ay htz-az htz-ba htz-bb htz-bc htz-bd htz-be htz-bf htz-bg htz-bh htz-bi htz-bj htz-bk htz-bl htz-bm htz-bn htz-bo"
      id={null}
      type="button"
    >
      <span
        className="htz-bp htz-bq htz-br htz-bs htz-bt htz-bu htz-bv"
      >
        click
      </span>
      <span
        className="htz-bw htz-bx htz-by htz-bz htz-ca htz-cb htz-cc htz-cd htz-ce htz-cf htz-cg htz-ch htz-ci"
      />
    </button>
  </div>
</div>
`;

exports[`<ButtonGroup> renders a group in row layout by default 2`] = `".htz-a{display:-webkit-box;display:-moz-box;display:-ms-flexbox;display:-webkit-flex;display:flex}.htz-b{flex-direction:row}.htz-c{-webkit-box-orient:horizontal}.htz-d{-webkit-box-direction:normal}.htz-e{align-items:center}.htz-f{-webkit-appearance:none}.htz-g{-moz-appearance:none}.htz-h{appearance:none}.htz-i{cursor:pointer}.htz-j{display:-webkit-inline-box;display:-moz-inline-box;display:-ms-inline-flexbox;display:-webkit-inline-flex;display:inline-flex}.htz-k{font-weight:bold}.htz-l{font-size:inherit}.htz-m{justify-content:center}.htz-n{position:relative}.htz-o{transform:scale(1)}.htz-p{transition:all 0.16666666666666666s cubic-bezier(0, 0, .2, 0) , transform .3s cubic-bezier(.55, 0, .1, 1) .3s, backgroundColor .25s cubic-bezier(0, 0, .2, 0)}.htz-q{text-decoration:none}.htz-r{white-space:nowrap}.htz-s::moz-focus-inner{border:0}.htz-t::moz-focus-inner{padding:0}.htz-u{border-bottom-width:1px}.htz-v{border-bottom-style:solid}.htz-w{padding-bottom:calc(1rem - 1px)}.htz-x{border-top-width:1px}.htz-y{border-top-style:solid}.htz-z{padding-top:calc(1rem - 1px)}.htz-ab{border-right-width:1px}.htz-ac{border-right-style:solid}.htz-ae{padding-right:4rem}.htz-af{border-left-width:0}.htz-ag{border-left-style:solid}.htz-ah{padding-left:4rem}.htz-ai{border-top-right-radius:0}.htz-aj{border-top-left-radius:0}.htz-ak{border-bottom-right-radius:0}.htz-al{border-bottom-left-radius:0}.htz-am{background-color:#FFF}.htz-an{border-color:#0B7EB5}.htz-ao{color:#0B7EB5}.htz-ap:visited{color:#0B7EB5}.htz-aq:hover{text-decoration:none}.htz-ar:hover{transition:all 0.16666666666666666s cubic-bezier(.55, 0, .1, 1) , transform .3s cubic-bezier(.55, 0, .1, 1) .3s, backgroundColor .25s cubic-bezier(.55, 0, .1, 1)}.htz-as:hover{background-color:#ACD2ED}.htz-at:hover{border-color:#006B96}.htz-au:hover{color:#006B96}.htz-av:hover{-webkit-transition:all 0.16666666666666666s cubic-bezier(.55, 0, .1, 1) , transform .3s cubic-bezier(.55, 0, .1, 1) .3s, backgroundColor .25s cubic-bezier(.55, 0, .1, 1)}.htz-aw:hover{-moz-transition:all 0.16666666666666666s cubic-bezier(.55, 0, .1, 1) , transform .3s cubic-bezier(.55, 0, .1, 1) .3s, backgroundColor .25s cubic-bezier(.55, 0, .1, 1)}.htz-ax:focus{outline:none}.htz-ay:focus{text-decoration:none}.htz-az:focus{transition:all 0.16666666666666666s cubic-bezier(.55, 0, .1, 1) , transform .3s cubic-bezier(.55, 0, .1, 1) .3s, backgroundColor .25s cubic-bezier(.55, 0, .1, 1)}.htz-ba:focus{background-color:#0B7EB5}.htz-bb:focus{border-color:#0B7EB5}.htz-bc:focus{color:#FFF}.htz-bd:focus{-webkit-transition:all 0.16666666666666666s cubic-bezier(.55, 0, .1, 1) , transform .3s cubic-bezier(.55, 0, .1, 1) .3s, backgroundColor .25s cubic-bezier(.55, 0, .1, 1)}.htz-be:focus{-moz-transition:all 0.16666666666666666s cubic-bezier(.55, 0, .1, 1) , transform .3s cubic-bezier(.55, 0, .1, 1) .3s, backgroundColor .25s cubic-bezier(.55, 0, .1, 1)}.htz-bf:active{outline:none}.htz-bg:active{text-decoration:none}.htz-bh:active{transition-duration:0s}.htz-bi:active{background-color:#EBF2F5}.htz-bj:active{border-color:#0B7EB5}.htz-bk:active{color:#006B96}.htz-bl{-webkit-box-align:center}.htz-bm{-webkit-box-pack:center}.htz-bn{-webkit-transition:all 0.16666666666666666s cubic-bezier(0, 0, .2, 0) , transform .3s cubic-bezier(.55, 0, .1, 1) .3s, backgroundColor .25s cubic-bezier(0, 0, .2, 0)}.htz-bo{-moz-transition:all 0.16666666666666666s cubic-bezier(0, 0, .2, 0) , transform .3s cubic-bezier(.55, 0, .1, 1) .3s, backgroundColor .25s cubic-bezier(0, 0, .2, 0)}.htz-bp{opacity:1}.htz-bq{transition-property:opacity}.htz-br{transition-duration:0.16666666666666666s}.htz-bs{transition-timing-function:cubic-bezier(.55, 0, .1, 1)}.htz-bt{transition-delay:.3s}.htz-bu{-webkit-transition-property:opacity}.htz-bv{-moz-transition-property:opacity}.htz-bw{background-color:rgba(200,200,200, 0.3)}.htz-bx{height:100%}.htz-by{right:0}.htz-bz{position:absolute}.htz-ca{top:0}.htz-cb{transform:scaleX(0)}.htz-cc{transform-origin:right}.htz-cd{width:100%}.htz-ce{animation-direction:alternate}.htz-cf{animation-iteration-count:infinite}.htz-cg{animation-duration:1s}.htz-ch{animation-delay:0.75s}.htz-ci{animation-timing-function:cubic-bezier(.55, 0, .1, 1)}.htz-cj{border-left-width:1px}"`;
