// Jest Snapshot v1, https://goo.gl/fbAQLP

exports[`Icon Quote  1`] = `
Object {
  "component": <div>
    <div>
      <div
        className="htz-a"
      >
        <blockquote
          className="htz-b htz-c htz-d htz-e htz-f htz-g htz-h htz-i"
        >
          <svg
            className="htz-j htz-c htz-k htz-l"
            height="1em"
            viewBox="0 0 256 256"
            width="1em"
          >
             
            <path
              d="M30.1 203.7c19.2-11.6 33.1-22.9 41.5-34.1s10.7-18.3 14.2-36.2c-11 2.6-19.2 3.9-24.6 3.9-15.5 0-27.9-5-37.3-15.1-9.4-9.9-14.1-23-14.1-39.2 0-16.2 4.8-29 14.3-38.6C33.6 34.8 46.2 30 61.9 30c19 0 34.3 7 45.9 21.1 11.6 14.1 17.4 32.6 17.4 55.5 0 47.8-23.6 82.4-78.3 118.4l-16.8-21.3zm121.9 0c19.2-11.6 33.1-22.9 41.5-34.1 8.4-11.1 10.7-18.3 14.2-36.2-11 2.6-19.2 3.9-24.6 3.9-15.5 0-27.9-5-37.3-15.1-9.4-10-14.1-23.1-14.1-39.3 0-16.2 4.8-29 14.3-38.6 9.5-9.6 22.1-14.4 37.8-14.4 19 0 34.3 7 45.9 21.1 11.6 14.1 17.4 32.6 17.4 55.5 0 47.8-23.6 82.4-78.3 118.4L152 203.7z"
              fill="currentColor"
            />
          </svg>
          <p
            className="htz-m htz-n htz-o htz-p htz-q htz-r htz-s htz-t htz-u htz-v htz-w htz-x"
          >
            בין השישה שלוש דמויות בולטות בפרשת הצוללות. דמויות אלו כוללות אישיות בכירה לשעבר  הביטחון
          </p>
          <span
            className="htz-y htz-z htz-ab htz-ac htz-ae htz-af htz-ag htz-ah htz-ai htz-aj htz-ak htz-al htz-am htz-an htz-ao htz-ap htz-aq"
          >
            מישהו
          </span>
        </blockquote>
      </div>
    </div>
  </div>,
  "styles": ".htz-b{font-weight:700}.htz-c{color:#0B7EB5}.htz-d:before{content:}.htz-e:before{background-color:#0B7EB5}.htz-f:before{width:16rem}.htz-g:before{height:1.5rem}.htz-h:before{display:none}.htz-i:before{margin-bottom:1.5rem}.htz-j{vertical-align:-0.15em}.htz-k{fill:#FFF}.htz-l{font-size:6rem}.htz-y{background-color:#FFE70C}.htz-z{padding-bottom:.5rem}.htz-ab{padding-left:1rem}.htz-ac{padding-right:1rem}.htz-ae{padding-top:.5rem}@media (max-width: 63.9375em){.htz-a{opacity:0}}@media (max-width: 63.9375em) and (max-width: 79.9375em){.htz-m{font-size:4.666666666666667rem}.htz-n{line-height:7rem}.htz-af{font-size:2.3333333333333335rem}.htz-ag{line-height:1.2857142857142858em}}@media (max-width: 63.9375em) and (min-width: 80em){.htz-o{font-size:4.428571428571429rem}.htz-p{line-height:7rem}.htz-ah{font-size:2.2857142857142856rem}.htz-ai{line-height:1.3125em}}@media (min-width: 64em) and (max-width: 79.9375em) and (max-width: 79.9375em){.htz-q{font-size:3rem}.htz-r{line-height:1.3333333333333333em}.htz-aj{font-size:2.6666666666666665rem}.htz-ak{line-height:1.5em}}@media (min-width: 64em) and (max-width: 79.9375em) and (min-width: 80em){.htz-s{font-size:3rem}.htz-t{line-height:1.3333333333333333em}.htz-al{font-size:2.5714285714285716rem}.htz-am{line-height:1.5555555555555556em}}@media (min-width: 80em) and (max-width: 79.9375em){.htz-u{font-size:3.5rem}.htz-v{line-height:1.4285714285714286em}.htz-an{font-size:2.3333333333333335rem}.htz-ao{line-height:1.2857142857142858em}}@media (min-width: 80em) and (min-width: 80em){.htz-w{font-size:3.4285714285714284rem}.htz-x{line-height:1.1666666666666667em}.htz-ap{font-size:2.2857142857142856rem}.htz-aq{line-height:1.3125em}}",
}
`;
