// Jest Snapshot v1, https://goo.gl/fbAQLP

exports[`<MastheadA11yMenu DOM element renders correctly with no props 1`] = `
<div>
  <div
    className="htz-a"
  >
    <button
      aria-expanded={false}
      className="htz-b htz-c htz-d htz-e htz-f htz-g htz-h htz-i htz-j htz-k htz-l htz-m htz-n htz-o htz-p htz-q"
      onClick={[Function]}
      type="button"
    >
      <svg
        className="htz-r htz-s htz-t htz-u"
        height="1em"
        viewBox="0 0 256 256"
        width="1em"
      >
          
        <path
          d="M165.5 172c7.3 22.3 19.8 49.8 27.4 76h-25.7c-7.9-24.2-19-43.6-25.1-61.9-2.6-7.8-5.4-14.7-7.5-22.7-1.3-4.7-3.2-5.4-6.4-5.4-3.6-.1-5.5 2.4-6.3 5.1-7.9 26.6-20.9 54.3-30 84.9h-28c8.7-32.8 23.1-68.4 31.2-99.5.6-2.3.9-4.1 1-6.5 1.2-21.1 1-34.7 1-56.1-15.8-2.1-51.4-3.8-75-5.8v-23c24.4 1.7 66.9 3.5 85.1 4.1 20.2.7 40.4-.3 60.6-1.3 14-.7 44.5-1.5 65.3-2.7V79c-21 1.9-51.4 4-65.6 5.8-2.9.4-5.9.4-9.5.9 0 1.7-.1 24.7 0 33.9.1 20.8 1.1 32.7 7.5 52.4zM128.3 51.3c12 0 21.6-9.6 21.6-21.7 0-12-9.5-21.5-21.6-21.5-12.2 0-21.5 9.4-21.5 21.6 0 12 9.5 21.6 21.5 21.6z"
          fill="currentColor"
        />
      </svg>
    </button>
  </div>
</div>
`;

exports[`<MastheadA11yMenu DOM element renders correctly with no props 2`] = `".htz-a{position:relative}.htz-b{align-items:center}.htz-c{height:100%}.htz-d{border:none}.htz-e{color:#0B7EB5}.htz-f{display:-webkit-box;display:-moz-box;display:-ms-flexbox;display:-webkit-flex;display:flex}.htz-g{padding-top:1rem}.htz-h{padding-bottom:1rem}.htz-i{padding-right:2rem}.htz-j{padding-left:2rem}.htz-k{transition-duration:.3s}.htz-l{transition-timing-function:cubic-bezier(.55, 0, .1, 1)}.htz-m:hover{background-color:#0B7EB5}.htz-n:hover{color:#FFF}.htz-o:focus{background-color:#0B7EB5}.htz-p:focus{color:#FFF}.htz-q{-webkit-box-align:center}.htz-r{vertical-align:-0.15em}.htz-s{color:inherit}.htz-t{fill:#FFF}.htz-u{font-size:3rem}"`;
