// Jest Snapshot v1, https://goo.gl/fbAQLP

exports[`<IconQuote /> DOM element add "id" attribute to DOM element 1`] = `
<div>
  <svg
    className="htz-a htz-b htz-c"
    height="1em"
    id="hasId"
    viewBox="0 0 256 256"
    width="1em"
  >
     
    <path
      d="M30.1 203.7c19.2-11.6 33.1-22.9 41.5-34.1s10.7-18.3 14.2-36.2c-11 2.6-19.2 3.9-24.6 3.9-15.5 0-27.9-5-37.3-15.1-9.4-9.9-14.1-23-14.1-39.2 0-16.2 4.8-29 14.3-38.6C33.6 34.8 46.2 30 61.9 30c19 0 34.3 7 45.9 21.1 11.6 14.1 17.4 32.6 17.4 55.5 0 47.8-23.6 82.4-78.3 118.4l-16.8-21.3zm121.9 0c19.2-11.6 33.1-22.9 41.5-34.1 8.4-11.1 10.7-18.3 14.2-36.2-11 2.6-19.2 3.9-24.6 3.9-15.5 0-27.9-5-37.3-15.1-9.4-10-14.1-23.1-14.1-39.3 0-16.2 4.8-29 14.3-38.6 9.5-9.6 22.1-14.4 37.8-14.4 19 0 34.3 7 45.9 21.1 11.6 14.1 17.4 32.6 17.4 55.5 0 47.8-23.6 82.4-78.3 118.4L152 203.7z"
      fill="currentColor"
    />
  </svg>
</div>
`;

exports[`<IconQuote /> DOM element add "id" attribute to DOM element 2`] = `".htz-a{vertical-align:-0.15em}.htz-b{color:inherit}.htz-c{fill:#FFF}"`;

exports[`<IconQuote /> DOM element add "onClick" attribute to DOM element 1`] = `
<div>
  <svg
    className="htz-a htz-b htz-c"
    height="1em"
    id={[Function]}
    viewBox="0 0 256 256"
    width="1em"
  >
     
    <path
      d="M30.1 203.7c19.2-11.6 33.1-22.9 41.5-34.1s10.7-18.3 14.2-36.2c-11 2.6-19.2 3.9-24.6 3.9-15.5 0-27.9-5-37.3-15.1-9.4-9.9-14.1-23-14.1-39.2 0-16.2 4.8-29 14.3-38.6C33.6 34.8 46.2 30 61.9 30c19 0 34.3 7 45.9 21.1 11.6 14.1 17.4 32.6 17.4 55.5 0 47.8-23.6 82.4-78.3 118.4l-16.8-21.3zm121.9 0c19.2-11.6 33.1-22.9 41.5-34.1 8.4-11.1 10.7-18.3 14.2-36.2-11 2.6-19.2 3.9-24.6 3.9-15.5 0-27.9-5-37.3-15.1-9.4-10-14.1-23.1-14.1-39.3 0-16.2 4.8-29 14.3-38.6 9.5-9.6 22.1-14.4 37.8-14.4 19 0 34.3 7 45.9 21.1 11.6 14.1 17.4 32.6 17.4 55.5 0 47.8-23.6 82.4-78.3 118.4L152 203.7z"
      fill="currentColor"
    />
  </svg>
</div>
`;

exports[`<IconQuote /> DOM element add "onClick" attribute to DOM element 2`] = `".htz-a{vertical-align:-0.15em}.htz-b{color:inherit}.htz-c{fill:#FFF}"`;

exports[`<IconQuote /> DOM element pass attributes defined in the "attrs" prop to the DOM element 1`] = `
<div>
  <svg
    aria-hidden={true}
    className="htz-a htz-b htz-c"
    height="1em"
    viewBox="0 0 256 256"
    width="1em"
  >
     
    <path
      d="M30.1 203.7c19.2-11.6 33.1-22.9 41.5-34.1s10.7-18.3 14.2-36.2c-11 2.6-19.2 3.9-24.6 3.9-15.5 0-27.9-5-37.3-15.1-9.4-9.9-14.1-23-14.1-39.2 0-16.2 4.8-29 14.3-38.6C33.6 34.8 46.2 30 61.9 30c19 0 34.3 7 45.9 21.1 11.6 14.1 17.4 32.6 17.4 55.5 0 47.8-23.6 82.4-78.3 118.4l-16.8-21.3zm121.9 0c19.2-11.6 33.1-22.9 41.5-34.1 8.4-11.1 10.7-18.3 14.2-36.2-11 2.6-19.2 3.9-24.6 3.9-15.5 0-27.9-5-37.3-15.1-9.4-10-14.1-23.1-14.1-39.3 0-16.2 4.8-29 14.3-38.6 9.5-9.6 22.1-14.4 37.8-14.4 19 0 34.3 7 45.9 21.1 11.6 14.1 17.4 32.6 17.4 55.5 0 47.8-23.6 82.4-78.3 118.4L152 203.7z"
      fill="currentColor"
    />
  </svg>
</div>
`;

exports[`<IconQuote /> DOM element pass attributes defined in the "attrs" prop to the DOM element 2`] = `".htz-a{vertical-align:-0.15em}.htz-b{color:inherit}.htz-c{fill:#FFF}"`;

exports[`<IconQuote /> DOM element render correctly when no props are passed 1`] = `
<div>
  <svg
    className="htz-a htz-b htz-c"
    height="1em"
    viewBox="0 0 256 256"
    width="1em"
  >
     
    <path
      d="M30.1 203.7c19.2-11.6 33.1-22.9 41.5-34.1s10.7-18.3 14.2-36.2c-11 2.6-19.2 3.9-24.6 3.9-15.5 0-27.9-5-37.3-15.1-9.4-9.9-14.1-23-14.1-39.2 0-16.2 4.8-29 14.3-38.6C33.6 34.8 46.2 30 61.9 30c19 0 34.3 7 45.9 21.1 11.6 14.1 17.4 32.6 17.4 55.5 0 47.8-23.6 82.4-78.3 118.4l-16.8-21.3zm121.9 0c19.2-11.6 33.1-22.9 41.5-34.1 8.4-11.1 10.7-18.3 14.2-36.2-11 2.6-19.2 3.9-24.6 3.9-15.5 0-27.9-5-37.3-15.1-9.4-10-14.1-23.1-14.1-39.3 0-16.2 4.8-29 14.3-38.6 9.5-9.6 22.1-14.4 37.8-14.4 19 0 34.3 7 45.9 21.1 11.6 14.1 17.4 32.6 17.4 55.5 0 47.8-23.6 82.4-78.3 118.4L152 203.7z"
      fill="currentColor"
    />
  </svg>
</div>
`;

exports[`<IconQuote /> DOM element render correctly when no props are passed 2`] = `".htz-a{vertical-align:-0.15em}.htz-b{color:inherit}.htz-c{fill:#FFF}"`;

exports[`<IconQuote /> styles responsively set misc styles on an icon 1`] = `
<div>
  <svg
    className="htz-a htz-b htz-c htz-d htz-e"
    height="1em"
    viewBox="0 0 256 256"
    width="1em"
  >
     
    <path
      d="M30.1 203.7c19.2-11.6 33.1-22.9 41.5-34.1s10.7-18.3 14.2-36.2c-11 2.6-19.2 3.9-24.6 3.9-15.5 0-27.9-5-37.3-15.1-9.4-9.9-14.1-23-14.1-39.2 0-16.2 4.8-29 14.3-38.6C33.6 34.8 46.2 30 61.9 30c19 0 34.3 7 45.9 21.1 11.6 14.1 17.4 32.6 17.4 55.5 0 47.8-23.6 82.4-78.3 118.4l-16.8-21.3zm121.9 0c19.2-11.6 33.1-22.9 41.5-34.1 8.4-11.1 10.7-18.3 14.2-36.2-11 2.6-19.2 3.9-24.6 3.9-15.5 0-27.9-5-37.3-15.1-9.4-10-14.1-23.1-14.1-39.3 0-16.2 4.8-29 14.3-38.6 9.5-9.6 22.1-14.4 37.8-14.4 19 0 34.3 7 45.9 21.1 11.6 14.1 17.4 32.6 17.4 55.5 0 47.8-23.6 82.4-78.3 118.4L152 203.7z"
      fill="currentColor"
    />
  </svg>
</div>
`;

exports[`<IconQuote /> styles responsively set misc styles on an icon 2`] = `".htz-a{vertical-align:-0.15em}.htz-b{color:inherit}.htz-c{fill:#FFF}@media (max-width: 79.9375em){.htz-d{position:relative}}@media (min-width: 80em){.htz-e{position:static}}"`;

exports[`<IconQuote /> styles set icon's color 1`] = `
<div>
  <svg
    className="htz-a htz-b htz-c"
    height="1em"
    viewBox="0 0 256 256"
    width="1em"
  >
     
    <path
      d="M30.1 203.7c19.2-11.6 33.1-22.9 41.5-34.1s10.7-18.3 14.2-36.2c-11 2.6-19.2 3.9-24.6 3.9-15.5 0-27.9-5-37.3-15.1-9.4-9.9-14.1-23-14.1-39.2 0-16.2 4.8-29 14.3-38.6C33.6 34.8 46.2 30 61.9 30c19 0 34.3 7 45.9 21.1 11.6 14.1 17.4 32.6 17.4 55.5 0 47.8-23.6 82.4-78.3 118.4l-16.8-21.3zm121.9 0c19.2-11.6 33.1-22.9 41.5-34.1 8.4-11.1 10.7-18.3 14.2-36.2-11 2.6-19.2 3.9-24.6 3.9-15.5 0-27.9-5-37.3-15.1-9.4-10-14.1-23.1-14.1-39.3 0-16.2 4.8-29 14.3-38.6 9.5-9.6 22.1-14.4 37.8-14.4 19 0 34.3 7 45.9 21.1 11.6 14.1 17.4 32.6 17.4 55.5 0 47.8-23.6 82.4-78.3 118.4L152 203.7z"
      fill="currentColor"
    />
  </svg>
</div>
`;

exports[`<IconQuote /> styles set icon's color 2`] = `".htz-a{vertical-align:-0.15em}.htz-b{color:#0B7EB5}.htz-c{fill:#FFF}"`;

exports[`<IconQuote /> styles set icon's color responsively 1`] = `
<div>
  <svg
    className="htz-a htz-b htz-c htz-d"
    height="1em"
    viewBox="0 0 256 256"
    width="1em"
  >
     
    <path
      d="M30.1 203.7c19.2-11.6 33.1-22.9 41.5-34.1s10.7-18.3 14.2-36.2c-11 2.6-19.2 3.9-24.6 3.9-15.5 0-27.9-5-37.3-15.1-9.4-9.9-14.1-23-14.1-39.2 0-16.2 4.8-29 14.3-38.6C33.6 34.8 46.2 30 61.9 30c19 0 34.3 7 45.9 21.1 11.6 14.1 17.4 32.6 17.4 55.5 0 47.8-23.6 82.4-78.3 118.4l-16.8-21.3zm121.9 0c19.2-11.6 33.1-22.9 41.5-34.1 8.4-11.1 10.7-18.3 14.2-36.2-11 2.6-19.2 3.9-24.6 3.9-15.5 0-27.9-5-37.3-15.1-9.4-10-14.1-23.1-14.1-39.3 0-16.2 4.8-29 14.3-38.6 9.5-9.6 22.1-14.4 37.8-14.4 19 0 34.3 7 45.9 21.1 11.6 14.1 17.4 32.6 17.4 55.5 0 47.8-23.6 82.4-78.3 118.4L152 203.7z"
      fill="currentColor"
    />
  </svg>
</div>
`;

exports[`<IconQuote /> styles set icon's color responsively 2`] = `".htz-a{vertical-align:-0.15em}.htz-d{fill:#FFF}@media (max-width: 79.9375em){.htz-b{color:#0B7EB5}}@media (min-width: 80em){.htz-c{color:#2D2D2D}}"`;

exports[`<IconQuote /> styles set icon's fill 1`] = `
<div>
  <svg
    className="htz-a htz-b htz-c"
    height="1em"
    viewBox="0 0 256 256"
    width="1em"
  >
     
    <path
      d="M30.1 203.7c19.2-11.6 33.1-22.9 41.5-34.1s10.7-18.3 14.2-36.2c-11 2.6-19.2 3.9-24.6 3.9-15.5 0-27.9-5-37.3-15.1-9.4-9.9-14.1-23-14.1-39.2 0-16.2 4.8-29 14.3-38.6C33.6 34.8 46.2 30 61.9 30c19 0 34.3 7 45.9 21.1 11.6 14.1 17.4 32.6 17.4 55.5 0 47.8-23.6 82.4-78.3 118.4l-16.8-21.3zm121.9 0c19.2-11.6 33.1-22.9 41.5-34.1 8.4-11.1 10.7-18.3 14.2-36.2-11 2.6-19.2 3.9-24.6 3.9-15.5 0-27.9-5-37.3-15.1-9.4-10-14.1-23.1-14.1-39.3 0-16.2 4.8-29 14.3-38.6 9.5-9.6 22.1-14.4 37.8-14.4 19 0 34.3 7 45.9 21.1 11.6 14.1 17.4 32.6 17.4 55.5 0 47.8-23.6 82.4-78.3 118.4L152 203.7z"
      fill="currentColor"
    />
  </svg>
</div>
`;

exports[`<IconQuote /> styles set icon's fill 2`] = `".htz-a{vertical-align:-0.15em}.htz-b{color:inherit}.htz-c{fill:#0B7EB5}"`;

exports[`<IconQuote /> styles set icon's fill responsively 1`] = `
<div>
  <svg
    className="htz-a htz-b htz-c htz-d"
    height="1em"
    viewBox="0 0 256 256"
    width="1em"
  >
     
    <path
      d="M30.1 203.7c19.2-11.6 33.1-22.9 41.5-34.1s10.7-18.3 14.2-36.2c-11 2.6-19.2 3.9-24.6 3.9-15.5 0-27.9-5-37.3-15.1-9.4-9.9-14.1-23-14.1-39.2 0-16.2 4.8-29 14.3-38.6C33.6 34.8 46.2 30 61.9 30c19 0 34.3 7 45.9 21.1 11.6 14.1 17.4 32.6 17.4 55.5 0 47.8-23.6 82.4-78.3 118.4l-16.8-21.3zm121.9 0c19.2-11.6 33.1-22.9 41.5-34.1 8.4-11.1 10.7-18.3 14.2-36.2-11 2.6-19.2 3.9-24.6 3.9-15.5 0-27.9-5-37.3-15.1-9.4-10-14.1-23.1-14.1-39.3 0-16.2 4.8-29 14.3-38.6 9.5-9.6 22.1-14.4 37.8-14.4 19 0 34.3 7 45.9 21.1 11.6 14.1 17.4 32.6 17.4 55.5 0 47.8-23.6 82.4-78.3 118.4L152 203.7z"
      fill="currentColor"
    />
  </svg>
</div>
`;

exports[`<IconQuote /> styles set icon's fill responsively 2`] = `".htz-a{vertical-align:-0.15em}.htz-b{color:inherit}@media (max-width: 79.9375em){.htz-c{fill:#0B7EB5}}@media (min-width: 80em){.htz-d{fill:#2D2D2D}}"`;

exports[`<IconQuote /> styles set icon's size 1`] = `
<div>
  <svg
    className="htz-a htz-b htz-c htz-d"
    height="1em"
    viewBox="0 0 256 256"
    width="1em"
  >
     
    <path
      d="M30.1 203.7c19.2-11.6 33.1-22.9 41.5-34.1s10.7-18.3 14.2-36.2c-11 2.6-19.2 3.9-24.6 3.9-15.5 0-27.9-5-37.3-15.1-9.4-9.9-14.1-23-14.1-39.2 0-16.2 4.8-29 14.3-38.6C33.6 34.8 46.2 30 61.9 30c19 0 34.3 7 45.9 21.1 11.6 14.1 17.4 32.6 17.4 55.5 0 47.8-23.6 82.4-78.3 118.4l-16.8-21.3zm121.9 0c19.2-11.6 33.1-22.9 41.5-34.1 8.4-11.1 10.7-18.3 14.2-36.2-11 2.6-19.2 3.9-24.6 3.9-15.5 0-27.9-5-37.3-15.1-9.4-10-14.1-23.1-14.1-39.3 0-16.2 4.8-29 14.3-38.6 9.5-9.6 22.1-14.4 37.8-14.4 19 0 34.3 7 45.9 21.1 11.6 14.1 17.4 32.6 17.4 55.5 0 47.8-23.6 82.4-78.3 118.4L152 203.7z"
      fill="currentColor"
    />
  </svg>
</div>
`;

exports[`<IconQuote /> styles set icon's size 2`] = `".htz-a{vertical-align:-0.15em}.htz-b{color:inherit}.htz-c{fill:#FFF}.htz-d{font-size:6rem}"`;

exports[`<IconQuote /> styles set icon's size responsively 1`] = `
<div>
  <svg
    className="htz-a htz-b htz-c htz-d htz-e"
    height="1em"
    viewBox="0 0 256 256"
    width="1em"
  >
     
    <path
      d="M30.1 203.7c19.2-11.6 33.1-22.9 41.5-34.1s10.7-18.3 14.2-36.2c-11 2.6-19.2 3.9-24.6 3.9-15.5 0-27.9-5-37.3-15.1-9.4-9.9-14.1-23-14.1-39.2 0-16.2 4.8-29 14.3-38.6C33.6 34.8 46.2 30 61.9 30c19 0 34.3 7 45.9 21.1 11.6 14.1 17.4 32.6 17.4 55.5 0 47.8-23.6 82.4-78.3 118.4l-16.8-21.3zm121.9 0c19.2-11.6 33.1-22.9 41.5-34.1 8.4-11.1 10.7-18.3 14.2-36.2-11 2.6-19.2 3.9-24.6 3.9-15.5 0-27.9-5-37.3-15.1-9.4-10-14.1-23.1-14.1-39.3 0-16.2 4.8-29 14.3-38.6 9.5-9.6 22.1-14.4 37.8-14.4 19 0 34.3 7 45.9 21.1 11.6 14.1 17.4 32.6 17.4 55.5 0 47.8-23.6 82.4-78.3 118.4L152 203.7z"
      fill="currentColor"
    />
  </svg>
</div>
`;

exports[`<IconQuote /> styles set icon's size responsively 2`] = `".htz-a{vertical-align:-0.15em}.htz-b{color:inherit}.htz-c{fill:#FFF}@media (max-width: 79.9375em){.htz-d{font-size:6rem}}@media (min-width: 80em){.htz-e{font-size:7rem}}"`;

exports[`<IconQuote /> styles set misc styles on an icon 1`] = `
<div>
  <svg
    className="htz-a htz-b htz-c htz-d"
    height="1em"
    viewBox="0 0 256 256"
    width="1em"
  >
     
    <path
      d="M30.1 203.7c19.2-11.6 33.1-22.9 41.5-34.1s10.7-18.3 14.2-36.2c-11 2.6-19.2 3.9-24.6 3.9-15.5 0-27.9-5-37.3-15.1-9.4-9.9-14.1-23-14.1-39.2 0-16.2 4.8-29 14.3-38.6C33.6 34.8 46.2 30 61.9 30c19 0 34.3 7 45.9 21.1 11.6 14.1 17.4 32.6 17.4 55.5 0 47.8-23.6 82.4-78.3 118.4l-16.8-21.3zm121.9 0c19.2-11.6 33.1-22.9 41.5-34.1 8.4-11.1 10.7-18.3 14.2-36.2-11 2.6-19.2 3.9-24.6 3.9-15.5 0-27.9-5-37.3-15.1-9.4-10-14.1-23.1-14.1-39.3 0-16.2 4.8-29 14.3-38.6 9.5-9.6 22.1-14.4 37.8-14.4 19 0 34.3 7 45.9 21.1 11.6 14.1 17.4 32.6 17.4 55.5 0 47.8-23.6 82.4-78.3 118.4L152 203.7z"
      fill="currentColor"
    />
  </svg>
</div>
`;

exports[`<IconQuote /> styles set misc styles on an icon 2`] = `".htz-a{vertical-align:-0.15em}.htz-b{color:inherit}.htz-c{fill:#FFF}.htz-d{position:relative}"`;
