// Jest Snapshot v1, https://goo.gl/fbAQLP

exports[`<CommentsSection> DOM element renders correctly with minimum required props 1`] = `
<div>
  <div
    className="htz-a htz-b htz-c htz-d"
  >
    <form>
      <div
        className="htz-e htz-f htz-g htz-h htz-i htz-j htz-k htz-l htz-m"
      >
        <div
          className="htz-f htz-n htz-o"
        >
          <div
            className="htz-p htz-q htz-r"
          >
            <div
              className=""
            >
              <label
                className="htz-s htz-f htz-t htz-u htz-v htz-w htz-x htz-y htz-z htz-ab htz-ac htz-ae htz-af htz-ag htz-ah htz-ai htz-aj htz-ak htz-al htz-am htz-an htz-ao htz-ap htz-h htz-i htz-aq htz-ar htz-as htz-at htz-au htz-av"
                htmlFor="0.123456789"
              >
                <div
                  className=""
                >
                  <span
                    className="htz-aw htz-ax htz-ay htz-az htz-ba htz-bb htz-u htz-v htz-bc htz-bd htz-be htz-bf htz-bg"
                  >
                    שם
                  </span>
                </div>
                <input
                  aria-describedby="0.123456789"
                  className="htz-bh htz-bi htz-bj htz-w htz-s htz-bk htz-bl"
                  id="0.123456789"
                  maxLength={50}
                  onBlur={[Function]}
                  onChange={[Function]}
                  onFocus={[Function]}
                  type="text"
                  value=""
                />
              </label>
              <span
                className="htz-q htz-bm htz-bn htz-bo htz-bp htz-bq"
                id="0.123456789"
              >
                הזינו שם שיוצג כמחבר התגובה
              </span>
            </div>
          </div>
          <button
            className="htz-br htz-bs htz-bt htz-bk htz-bu htz-bv htz-bw htz-bx htz-by htz-h htz-i htz-bz htz-ca htz-cb htz-cc htz-cd htz-ce"
            onClick={[Function]}
            type="button"
          >
            להוספת תגובה מזוהה לחצו כאן
          </button>
        </div>
        <div
          className=""
        >
          <label
            className="htz-s htz-f htz-n htz-g htz-u htz-v htz-w htz-y htz-z htz-ab htz-ac htz-ae htz-af htz-ag htz-ah htz-ai htz-aj htz-ak htz-al htz-am htz-an htz-ao htz-ap htz-h htz-i htz-aq htz-ar htz-as htz-at htz-au htz-cf htz-o htz-l htz-m"
            htmlFor="0.123456789"
            onClick={[Function]}
          >
            <div
              className="htz-w htz-f htz-cg htz-ch"
            >
              <span
                className="htz-aw htz-ax htz-ay htz-az htz-ba htz-bd htz-be htz-p htz-ci htz-h htz-i htz-bz htz-ar htz-bf htz-bg htz-r"
                id="0.123456789"
              >
                תגובה
              </span>
              <div>
                 
                <button
                  aria-checked={false}
                  arial-label="italic"
                  className="htz-t htz-cj htz-ck htz-cl htz-s htz-cm htz-az htz-bj htz-cn htz-x htz-co htz-cp htz-cq htz-aw htz-cr htz-cs htz-ct htz-cu htz-as htz-cv htz-au htz-cw htz-cx htz-bk htz-cy htz-cz htz-da htz-db htz-dc htz-dd htz-de htz-df htz-dg htz-dh htz-di htz-dj htz-dk htz-dl htz-dm htz-dn htz-do htz-dp htz-dq htz-dr htz-ds htz-dt htz-du htz-dv htz-dw htz-aj htz-ak htz-dx htz-ag htz-ah htz-dy htz-dz htz-af htz-ea htz-ae htz-eb htz-ec htz-ed htz-ax htz-ee htz-av htz-ef htz-eg htz-eh"
                  id={null}
                  onClick={[Function]}
                  onMouseDown={[Function]}
                  role="switch"
                  type="button"
                >
                  <span
                    className="htz-ei htz-ej htz-bd htz-be htz-ek htz-el htz-em"
                  >
                    <svg
                      className="htz-en htz-eo htz-ep"
                      height="1em"
                      viewBox="0 0 256 256"
                      width="1em"
                    >
                        
                      <path
                        d="M147.7 229.7l-2.2 7H53.6l2.2-7h5c6.6 0 12.2-1.2 16.8-3.6 4.6-2.4 7.7-5.2 9.4-8.3 1.7-3.2 4.1-10.1 7.3-20.8l41.9-138.4c3.3-10.7 5-17.4 5-20 0-7.7-6.9-11.5-20.7-11.5l-5.8-1 2.2-7h85.6l-2.2 7h-4.5c-5.1 0-9.8.9-14 2.7-4.2 1.8-7.1 4.3-8.9 7.5-1.8 3.2-4.7 11.5-8.7 24.9l-40.6 133.3c-3.1 10.2-4.7 16.6-4.7 19.2 0 5.2 2.3 9.1 6.8 11.5 4.5 2.4 9.8 3.6 15.6 3.6l6.4.9z"
                        fill="currentColor"
                      />
                    </svg>
                  </span>
                  <span
                    className="htz-eq htz-er htz-es htz-et htz-eu htz-ev htz-ew htz-w htz-ex htz-ey htz-ez htz-fa htz-fb"
                  />
                </button>
                <button
                  aria-checked={false}
                  arial-label="bold"
                  className="htz-t htz-cj htz-ck htz-cl htz-s htz-cm htz-az htz-bj htz-cn htz-x htz-co htz-cp htz-cq htz-aw htz-cr htz-cs htz-ct htz-cu htz-as htz-cv htz-au htz-cw htz-cx htz-bk htz-cy htz-cz htz-da htz-db htz-dc htz-dd htz-de htz-df htz-dg htz-dh htz-di htz-dj htz-dk htz-dl htz-dm htz-dn htz-do htz-dp htz-dq htz-dr htz-ds htz-dt htz-du htz-dv htz-dw htz-aj htz-ak htz-dx htz-ag htz-ah htz-dy htz-dz htz-af htz-ea htz-ae htz-eb htz-ed htz-fc htz-ee htz-av htz-ef htz-eg htz-eh"
                  id={null}
                  onClick={[Function]}
                  onMouseDown={[Function]}
                  role="switch"
                  type="button"
                >
                  <span
                    className="htz-ei htz-ej htz-bd htz-be htz-ek htz-el htz-em"
                  >
                    <svg
                      className="htz-en htz-eo htz-ep"
                      height="1em"
                      viewBox="0 0 256 256"
                      width="1em"
                    >
                        
                      <path
                        d="M163.1 122c20.3 3.7 35.4 10.2 45.6 19.6 10.1 9.4 15.2 21.6 15.2 36.7 0 16.9-6.5 30.3-19.4 40-13 9.8-34.5 14.6-64.6 14.6h-108V216c10.8 0 18-1.7 21.6-5.2 3.5-3.4 5.3-10.2 5.3-20.4V68c0-9.9-1.7-16.6-5-20.2-3.3-3.6-10.6-5.4-21.9-5.4V25.3L111 23h11.2c35.6 0 59.9 4.5 72.9 13.5 13 9 19.4 21.2 19.4 36.7 0 11.7-4.3 21.6-12.8 29.7-8.5 8.2-21.4 14.5-38.6 19.1zm-49.6-8.4h10.6c11.3 0 19.7-2.6 25.2-7.9 5.5-5.3 8.3-14.4 8.3-27.5 0-9.7-1.7-17.4-5.2-23.1-3.5-5.6-8.1-9.3-13.8-10.9-5.7-1.6-14.1-2.5-25.2-2.5v71.9zm0 17.9v59.2c0 5.7.6 10.1 1.8 13.1 1.2 3 3.5 5.5 6.9 7.5 3.4 2 8.3 3 14.5 3 9.7 0 17.1-3.4 21.9-10.3 4.9-6.9 7.3-17.2 7.3-30.9 0-11-1.6-19.6-4.8-25.8-3.2-6.2-7.5-10.4-13.1-12.5-5.5-2.2-13.7-3.2-24.6-3.2h-9.9z"
                        fill="currentColor"
                      />
                    </svg>
                  </span>
                  <span
                    className="htz-eq htz-er htz-es htz-et htz-eu htz-ev htz-ew htz-w htz-ex htz-ey htz-ez htz-fa htz-fb"
                  />
                </button>
              </div>
            </div>
            <div
              aria-describedby="0.123456789"
              aria-labelledby="0.123456789"
              aria-multiline={true}
              className="htz-bh htz-bi htz-fd htz-fe htz-ff htz-bj htz-w htz-s htz-bk htz-bl htz-fg"
              contentEditable={true}
              dangerouslySetInnerHTML={
                Object {
                  "__html": "",
                }
              }
              id="0.123456789"
              onBlur={[Function]}
              onFocus={[Function]}
              onInput={[Function]}
              onKeyUp={[Function]}
              onMouseDown={[Function]}
              onMouseUp={[Function]}
              onPaste={[Function]}
              role="textbox"
              type="text"
            />
          </label>
          <span
            className="htz-q htz-bm htz-bn htz-bo htz-bp htz-bq"
            id="0.123456789"
          >
            בשליחת תגובה זו הנני מצהיר שהינני מסכים/ה עם תנאי השימוש של אתר הארץ
          </span>
        </div>
        <div
          className="htz-f htz-fh htz-cg htz-fi htz-m htz-ch"
        >
          <div
            className="htz-bt htz-fj"
          >
            <button
              className="htz-t htz-cj htz-ck htz-cl htz-s htz-fk htz-az htz-bj htz-cn htz-x htz-co htz-cp htz-cq htz-aw htz-cr htz-cs htz-ct htz-cu htz-fl htz-fm htz-fn htz-cw htz-cx htz-bk htz-cy htz-cz htz-da htz-fo htz-dc htz-dd htz-de htz-df htz-dg htz-dh htz-fp htz-fq htz-fr htz-h htz-i htz-fs htz-am htz-an htz-ft htz-aj htz-ak htz-fu htz-ag htz-ah htz-fv htz-dz htz-e htz-fw htz-bs htz-fx htz-av htz-ef htz-eg htz-eh"
              id={null}
              onClick={[Function]}
              type="button"
            >
              <span
                className="htz-ei htz-ej htz-bd htz-be htz-ek htz-el htz-em"
              >
                שלחו
              </span>
              <span
                className="htz-eq htz-er htz-es htz-et htz-eu htz-ev htz-ew htz-w htz-ex htz-ey htz-ez htz-fa htz-fb"
              />
            </button>
          </div>
        </div>
      </div>
    </form>
    <div
      className="htz-w htz-fy htz-fz htz-f htz-n htz-o"
    >
      <div
        className="htz-ga"
      >
        סדרו את התגובות
      </div>
      <div
        className="htz-x"
      >
        <div
          onKeyDown={[Function]}
        >
          <div
            className="htz-gb htz-et htz-gc htz-gd htz-eu htz-bs htz-ag htz-ah htz-ge htz-aj htz-ak htz-gf htz-am htz-an htz-gg htz-gh htz-h htz-i htz-gi htz-gj htz-gk htz-dv htz-gl htz-gm"
          >
            <button
              aria-expanded={false}
              aria-haspopup={true}
              aria-label="סדרו את התגובות לכתבה על פי סדר הופעתם"
              className="htz-w htz-gn htz-u htz-v htz-e htz-bk htz-go htz-f htz-cg htz-t htz-dl htz-gp htz-gq htz-gr htz-gs htz-gt htz-gu htz-gv htz-gw htz-gx htz-gy htz-gz htz-am htz-an htz-ha htz-hb htz-gk htz-dv htz-hc htz-hd htz-ch htz-av"
              data-toggle={true}
              onBlur={[Function]}
              onClick={[Function]}
              onKeyDown={[Function]}
              role="button"
              type="button"
              variant="primary"
            >
              מהאחרונה לראשונה
            </button>
            <div
              className="htz-x"
            />
          </div>
        </div>
      </div>
    </div>
    <div
      className="htz-e"
    >
      <article
        className="htz-af htz-h htz-i htz-j htz-k"
      >
        <div
          className="htz-f htz-fh htz-he htz-u htz-v htz-fz htz-fi htz-m htz-hf"
        >
          <div
            className="htz-hg htz-bq htz-hh htz-hi htz-hj htz-hk htz-hl htz-hm htz-hn"
          >
            <span>
              1
            </span>
          </div>
          <div
            className="htz-w htz-ho htz-p htz-hp htz-r"
          >
            <div
              className="htz-w htz-f htz-fh htz-hq htz-t htz-hr htz-hs htz-fi htz-m htz-ht htz-av"
            >
              <h2
                className="htz-bs htz-hu htz-hv htz-hw htz-aw htz-ax htz-hx htz-hy htz-hz htz-y htz-z htz-ab htz-ac"
                data-test="comment-author"
                onClick={[Function]}
              >
                אורי ויסלאורי ויסלאורי ויסלאורי ויסלאורי ויסלאורי ויסלאורי ויסלאורי ויסלאורי ויסלאורי ויסלאורי ויסלאורי ויסלר
              </h2>
              <span
                className="htz-bq htz-ax htz-ia htz-ib htz-ic htz-id htz-ie"
              >
                08:57
              </span>
              <span
                className="htz-if htz-aw"
              >
                |
                בחירת העורכים
              </span>
            </div>
            <div>
              <div
                className="htz-ae htz-hv htz-ff"
              >
                התמונה בכתבה היא בסבירות גבוהה לא מבאבי יאר
              </div>
              <div
                className="htz-ae htz-hv htz-ff"
                dangerouslySetInnerHTML={
                  Object {
                    "__html": "long text sdmgalkgmlaskgmaslkg lsdlk jasldk lsdkj lksajg lskdgjaslkdgjmlaskgjmlasdkgjmslkdgmsldk sdlkmg slakgmsdgasdgb;l,sad;lgb,s;adb,b fl;,b ;dflb,df;lb, dsdfagkjerngkjawn vkrj vkrejv erkjv krejgv krj vkrwej vkrjv kjrv krjv erkj vrej  v",
                  }
                }
              />
            </div>
            <div
              className="htz-f htz-fh htz-ig htz-t htz-fz htz-fi htz-m htz-av"
            >
              <button
                className="htz-t htz-cj htz-ck htz-cl htz-s htz-fk htz-az htz-bj htz-cn htz-x htz-co htz-cp htz-cq htz-aw htz-cr htz-cs htz-ct htz-cu htz-fl htz-fm htz-fn htz-cw htz-cx htz-bk htz-cy htz-cz htz-da htz-fo htz-dc htz-dd htz-de htz-df htz-dg htz-dh htz-fp htz-fq htz-fr htz-h htz-i htz-fs htz-am htz-an htz-ft htz-aj htz-ak htz-ih htz-ag htz-ah htz-ii htz-dz htz-bi htz-fw htz-bs htz-fx htz-ij htz-y htz-z htz-ab htz-ac htz-av htz-ef htz-eg htz-eh"
                id={null}
                onClick={[Function]}
                type="button"
              >
                <span
                  className="htz-ei htz-ej htz-bd htz-be htz-ek htz-el htz-em"
                >
                  הגיבו
                </span>
                <span
                  className="htz-eq htz-er htz-es htz-et htz-eu htz-ev htz-ew htz-w htz-ex htz-ey htz-ez htz-fa htz-fb"
                />
              </button>
              <button
                className="htz-fk htz-t htz-fj htz-ik htz-by htz-av"
                disabled={false}
                onClick={[Function]}
                type="button"
              >
                <svg
                  className="htz-en htz-bs htz-ep htz-il"
                  height="1em"
                  viewBox="0 0 256 256"
                  width="1em"
                >
                    
                  <path
                    d="M85 177H46V84h39v93zm116.2-92h-34.7c0-.1.1-.1.1-.2 7.9-15.2 9.7-22.7 9.4-35.3-.3-12.3-11.8-23-20.6-23.1-7.3 0-10.7 7.3-12.2 11.3-4.8 12.3-7.8 23.6-24.7 46.1-.5.7-1.3 1.1-2.1 1.1h-.1c-9.5 0-17.2 7.7-17.2 17.2v58.6c0 9.5 7.7 17.2 17.2 17.2h61c8.1 0 10.6-5.4 14.6-14.6 0 0 21.3-45.8 24.3-62.6 1.4-7.9-7-15.7-15-15.7z"
                    fill="currentColor"
                  />
                </svg>
                <span
                  className="htz-im htz-in htz-io htz-ip htz-iq htz-ir htz-hy htz-hu htz-et htz-is htz-aw"
                  id="like"
                >
                  אהבתי
                </span>
                <span
                  className="htz-it htz-iu htz-ia htz-az htz-bu htz-z htz-bw htz-iv"
                >
                  0
                </span>
              </button>
              <button
                className="htz-fk htz-t htz-iw htz-ik htz-ij htz-by htz-av"
                disabled={false}
                onClick={[Function]}
                type="button"
              >
                <svg
                  className="htz-en htz-bs htz-ep htz-il"
                  height="1em"
                  viewBox="0 0 256 256"
                  width="1em"
                >
                    
                  <path
                    d="M173 84h39v93h-39V84zM56.8 176h34.7c0 .1-.1.1-.1.2-7.9 15.2-9.7 22.7-9.4 35.3.3 12.3 11.8 23 20.6 23.1 7.3 0 10.7-7.3 12.2-11.3 4.8-12.3 7.8-23.6 24.7-46.1.5-.7 1.3-1.1 2.1-1.1h.1c9.5 0 17.2-7.7 17.2-17.2v-58.6c0-9.5-7.7-17.2-17.2-17.2h-61c-8.1 0-10.6 5.4-14.6 14.6 0 0-21.3 45.8-24.3 62.6-1.4 7.9 7 15.7 15 15.7z"
                    fill="currentColor"
                  />
                </svg>
                <span
                  className="htz-im htz-in htz-io htz-ip htz-iq htz-ir htz-hy htz-hu htz-et htz-is htz-aw"
                  id="dislike"
                >
                  לא אהבתי
                </span>
                <span
                  className="htz-it htz-iu htz-ia htz-az htz-bu htz-z htz-bw htz-iv"
                >
                  0
                </span>
              </button>
              <button
                className="htz-t htz-cj htz-ck htz-cl htz-s htz-fk htz-az htz-bj htz-cn htz-x htz-co htz-cp htz-cq htz-aw htz-cr htz-cs htz-ct htz-cu htz-ix htz-iy htz-iz htz-cw htz-cx htz-bk htz-cy htz-cz htz-ja htz-jb htz-jc htz-dd htz-de htz-df htz-dg htz-dh htz-jd htz-je htz-jf htz-h htz-i htz-fs htz-am htz-an htz-ft htz-aj htz-ak htz-ih htz-ag htz-ah htz-ii htz-dz htz-bi htz-jg htz-jh htz-ji htz-bu htz-z htz-bw htz-iv htz-jj htz-av htz-ef htz-eg htz-eh"
                id={null}
                onClick={[Function]}
                type="button"
              >
                <span
                  className="htz-ei htz-ej htz-bd htz-be htz-ek htz-el htz-em"
                >
                  דווחו כפוגעני
                </span>
                <span
                  className="htz-eq htz-er htz-es htz-et htz-eu htz-ev htz-ew htz-w htz-ex htz-ey htz-ez htz-fa htz-fb"
                />
              </button>
            </div>
          </div>
        </div>
      </article>
    </div>
    <div
      style={
        Object {
          "display": "none",
        }
      }
    />
  </div>
</div>
`;

exports[`<CommentsSection> DOM element renders correctly with minimum required props 2`] = `".htz-e{background-color:#FFF}.htz-f{display:-webkit-box;display:-moz-box;display:-ms-flexbox;display:-webkit-flex;display:flex}.htz-g{flex-direction:column}.htz-h{border-bottom-width:1px}.htz-i{border-bottom-style:solid}.htz-j{border-bottom-color:#B4B4B4}.htz-k{padding-bottom:calc(2rem - 1px)}.htz-l{-webkit-box-orient:vertical}.htz-m{-webkit-box-direction:normal}.htz-n{align-items:flex-start}.htz-o{-webkit-box-align:right}.htz-p{flex-grow:1}.htz-q{display:block}.htz-r{-webkit-box-flex:1}.htz-s{cursor:pointer}.htz-t{align-items:center}.htz-u{padding-right:1rem}.htz-v{padding-left:1rem}.htz-w{width:100%}.htz-x{position:relative}.htz-ae{color:#2D2D2D}.htz-af{background-color:#EBF2F5}.htz-ag{border-left-width:1px}.htz-ah{border-left-style:solid}.htz-ai{border-left-color:#DAE9F2}.htz-aj{border-right-width:1px}.htz-ak{border-right-style:solid}.htz-al{border-right-color:#DAE9F2}.htz-am{border-top-width:1px}.htz-an{border-top-style:solid}.htz-ao{border-top-color:#DAE9F2}.htz-ap{padding-top:calc(1rem - 1px)}.htz-aq{border-bottom-color:#DAE9F2}.htz-ar{padding-bottom:calc(1rem - 1px)}.htz-av{-webkit-box-align:center}.htz-aw{white-space:nowrap}.htz-ax{margin-left:1rem}.htz-ay{color:#006B96}.htz-az{font-weight:bold}.htz-ba{transition-property:transform}.htz-bb{bottom:0.7rem}.htz-bc{margin-right:-1rem}.htz-bd{transition-duration:0.16666666666666666s}.htz-be{transition-timing-function:cubic-bezier(.55, 0, .1, 1)}.htz-bf{-webkit-transition-property:transform}.htz-bg{-moz-transition-property:transform}.htz-bh{border:none}.htz-bi{background-color:transparent}.htz-bj{font-size:inherit}.htz-bq{color:#505050}.htz-br{width:16rem}.htz-bs{color:#0B7EB5}.htz-bt{margin-top:1rem}.htz-bz{border-bottom-color:transparent}.htz-ca{padding-bottom:calc(0.7rem - 1px)}.htz-cf{margin-top:4.14rem}.htz-cg{justify-content:space-between}.htz-ch{-webkit-box-pack:justify}.htz-ci{margin-bottom:1rem}.htz-cj{-webkit-appearance:none}.htz-ck{-moz-appearance:none}.htz-cl{appearance:none}.htz-cm{display:none}.htz-cn{justify-content:center}.htz-co{transform:scale(1)}.htz-cp{transition:all 0.16666666666666666s cubic-bezier(0, 0, .2, 0) , transform .3s cubic-bezier(.55, 0, .1, 1) .3s, backgroundColor .25s cubic-bezier(0, 0, .2, 0)}.htz-cq{text-decoration:none}.htz-cr::moz-focus-inner{border:0}.htz-cs::moz-focus-inner{padding:0}.htz-dl:after{content:\\"\\"}.htz-dm:after{height:1px}.htz-dn:after{position:absolute}.htz-do:after{width:100%}.htz-dp:after{bottom:0}.htz-dq:after{right:0}.htz-dr:before{content:\\"\\"}.htz-ds:before{height:1px}.htz-dt:before{position:absolute}.htz-du:before{width:100%}.htz-dv:before{right:0}.htz-dw:before{top:0}.htz-dx{padding-right:0rem}.htz-dy{padding-left:0rem}.htz-dz{border-radius:0}.htz-ea{border-color:rgba(0,0,0,0)}.htz-ec{font-style:italic}.htz-ed{height:5rem}.htz-ee{width:5rem}.htz-ef{-webkit-box-pack:center}.htz-eg{-webkit-transition:all 0.16666666666666666s cubic-bezier(0, 0, .2, 0) , transform .3s cubic-bezier(.55, 0, .1, 1) .3s, backgroundColor .25s cubic-bezier(0, 0, .2, 0)}.htz-eh{-moz-transition:all 0.16666666666666666s cubic-bezier(0, 0, .2, 0) , transform .3s cubic-bezier(.55, 0, .1, 1) .3s, backgroundColor .25s cubic-bezier(0, 0, .2, 0)}.htz-ei{opacity:1}.htz-ej{transition-property:opacity}.htz-ek{transition-delay:.3s}.htz-el{-webkit-transition-property:opacity}.htz-em{-moz-transition-property:opacity}.htz-en{vertical-align:-0.15em}.htz-eo{color:inherit}.htz-ep{fill:#FFF}.htz-eq{background-color:rgba(200,200,200, 0.3)}.htz-er{height:100%}.htz-es{right:0}.htz-et{position:absolute}.htz-eu{top:0}.htz-ev{transform:scaleX(0)}.htz-ew{transform-origin:right}.htz-ex{animation-direction:alternate}.htz-ey{animation-iteration-count:infinite}.htz-ez{animation-duration:1s}.htz-fa{animation-delay:0.75s}.htz-fb{animation-timing-function:cubic-bezier(.55, 0, .1, 1)}.htz-fc{margin-top:calc(1px - 1rem)}.htz-fd{overflow:auto}.htz-fe{word-wrap:break-word}.htz-ff{word-break:break-word}.htz-fg{height:14rem}.htz-fh{flex-direction:row}.htz-fi{-webkit-box-orient:horizontal}.htz-fj{margin-right:auto}.htz-fk{display:-webkit-inline-box;display:-moz-inline-box;display:-ms-inline-flexbox;display:-webkit-inline-flex;display:inline-flex}.htz-fs{padding-bottom:calc(0.5rem - 1px)}.htz-ft{padding-top:calc(0.5rem - 1px)}.htz-fu{padding-right:5rem}.htz-fv{padding-left:5rem}.htz-fw{border-color:#0B7EB5}.htz-fy{margin-bottom:5rem}.htz-fz{margin-top:2rem}.htz-ga{margin-top:calc(1rem + 2px)}.htz-gb{width:28rem}.htz-gc{background-color:white}.htz-gd{z-index:1}.htz-ge{border-left-color:#0B7EB5}.htz-gf{border-right-color:#0B7EB5}.htz-gg{border-top-color:#0B7EB5}.htz-gh{padding-top:calc(1e-18rem - 1px)}.htz-gi{border-bottom-color:#0B7EB5}.htz-gj{padding-bottom:calc(1e-18rem - 1px)}.htz-gk:before{left:0}.htz-gl:before{z-index:1}.htz-gm{margin-right:2.3rem}.htz-gn{text-align:right}.htz-gp:after{width:0}.htz-gq:after{height:0}.htz-gr:after{border-left:0.3em solid transparent}.htz-gs:after{border-right:0.3em solid transparent}.htz-gt:after{border-top:0.5em solid #0B7EB5}.htz-gu:after{transition-property:all}.htz-gv:after{transform-origin:center center}.htz-gw:after{transition-duration:.25s}.htz-gx:after{transition-timing-function:cubic-bezier(0, 0, .2, 0)}.htz-gy:after{-webkit-transition-property:all}.htz-gz:after{-moz-transition-property:all}.htz-ha{border-top-color:#EBEBEB}.htz-hb{padding-top:1rem}.htz-hc:before{content:}.htz-hd{padding-bottom:1rem}.htz-he{justify-content:flex-end}.htz-hf{-webkit-box-pack:left}.htz-hg{width:8.5rem}.htz-hh{flex-shrink:0}.htz-hi{flex-grow:0}.htz-hn{-webkit-box-flex:0}.htz-ho{flex-shrink:1}.htz-hp{min-width:0}.htz-hq{justify-content:flex-start}.htz-ht{-webkit-box-pack:right}.htz-hu{padding:0}.htz-hv{margin:0}.htz-hx{max-width:50%}.htz-hy{overflow:hidden}.htz-hz{text-overflow:ellipsis}.htz-ia{margin-right:1rem}.htz-if{color:#169FD1}.htz-ig{align-content:flex-start}.htz-ih{padding-right:2rem}.htz-ii{padding-left:2rem}.htz-ij{margin-left:2rem}.htz-ik:disabled{cursor:default}.htz-il{font-size:3.5rem}.htz-im{border:0}.htz-in{clip:rect(0 0 0 0)}.htz-io{-webkit-clip-path:inset(50%)}.htz-ip{clip-path:inset(50%)}.htz-iq{height:1px}.htz-ir{margin:-1px}.htz-is{width:1px}.htz-it{color:#787878}.htz-iu{vertical-align:center}.htz-iw{margin-right:2rem}.htz-jg{border-color:transparent}.htz-jh{color:#A8001C}.htz-eb:visited{color:#2D2D2D}.htz-fx:visited{color:#0B7EB5}.htz-ji:visited{color:#A8001C}.htz-as:hover{background-color:#E6EDF0}.htz-at:hover{border-color:#DAE9F2}.htz-au:hover{color:#2D2D2D}.htz-cb:hover{border-bottom-width:1px}.htz-cc:hover{border-bottom-style:solid}.htz-cd:hover{border-bottom-color:#0B7EB5}.htz-ce:hover{padding-bottom:calc(0.7rem - 1px)}.htz-ct:hover{text-decoration:none}.htz-cu:hover{transition:all 0.16666666666666666s cubic-bezier(.55, 0, .1, 1) , transform .3s cubic-bezier(.55, 0, .1, 1) .3s, backgroundColor .25s cubic-bezier(.55, 0, .1, 1)}.htz-cv:hover{border-color:rgba(0,0,0,0)}.htz-cw:hover{-webkit-transition:all 0.16666666666666666s cubic-bezier(.55, 0, .1, 1) , transform .3s cubic-bezier(.55, 0, .1, 1) .3s, backgroundColor .25s cubic-bezier(.55, 0, .1, 1)}.htz-cx:hover{-moz-transition:all 0.16666666666666666s cubic-bezier(.55, 0, .1, 1) , transform .3s cubic-bezier(.55, 0, .1, 1) .3s, backgroundColor .25s cubic-bezier(.55, 0, .1, 1)}.htz-fl:hover{background-color:#ACD2ED}.htz-fm:hover{border-color:#006B96}.htz-fn:hover{color:#006B96}.htz-hw:hover{cursor:pointer}.htz-ix:hover{background-color:#FEE}.htz-iy:hover{border-color:transparent}.htz-iz:hover{color:#8A021B}.htz-bk:focus{outline:none}.htz-bl:focus{cursor:-webkit-text;cursor:text}.htz-cy:focus{text-decoration:none}.htz-cz:focus{transition:all 0.16666666666666666s cubic-bezier(.55, 0, .1, 1) , transform .3s cubic-bezier(.55, 0, .1, 1) .3s, backgroundColor .25s cubic-bezier(.55, 0, .1, 1)}.htz-da:focus{background-color:#0B7EB5}.htz-db:focus{border-color:rgba(0,0,0,0)}.htz-dc:focus{color:#FFF}.htz-dd:focus{-webkit-transition:all 0.16666666666666666s cubic-bezier(.55, 0, .1, 1) , transform .3s cubic-bezier(.55, 0, .1, 1) .3s, backgroundColor .25s cubic-bezier(.55, 0, .1, 1)}.htz-de:focus{-moz-transition:all 0.16666666666666666s cubic-bezier(.55, 0, .1, 1) , transform .3s cubic-bezier(.55, 0, .1, 1) .3s, backgroundColor .25s cubic-bezier(.55, 0, .1, 1)}.htz-fo:focus{border-color:#0B7EB5}.htz-go:focus{background-color:#EBF2F5}.htz-ja:focus{background-color:#A8001C}.htz-jb:focus{border-color:transparent}.htz-jc:focus{color:#fff}.htz-df:active{outline:none}.htz-dg:active{text-decoration:none}.htz-dh:active{transition-duration:0s}.htz-di:active{background-color:#0B7EB5}.htz-dj:active{border-color:rgba(0,0,0,0)}.htz-dk:active{color:#FFF}.htz-fp:active{background-color:#EBF2F5}.htz-fq:active{border-color:#0B7EB5}.htz-fr:active{color:#006B96}.htz-jd:active{background-color:#fff !important}.htz-je:active{border-color:transparent}.htz-jf:active{color:#A8001C}@media (max-width: 37.4375em){.htz-a{padding-bottom:3rem}.htz-by{display:none}.htz-hr{flex-wrap:wrap}.htz-hs{-webkit-box-lines:multiple}.htz-jj{margin-right:auto}}@media (min-width: 37.5em) and (max-width: 63.9375em){.htz-b{padding-bottom:7rem}}@media (min-width: 64em) and (max-width: 79.9375em){.htz-c{padding-bottom:14rem}}@media (min-width: 80em){.htz-d{padding-bottom:1rem}.htz-ab{font-size:2.5714285714285716rem}.htz-ac{line-height:1.5555555555555556em}.htz-bo{font-size:1.7142857142857142rem}.htz-bp{line-height:1.75em}.htz-bw{font-size:2rem}.htz-bx{line-height:2.714rem}.htz-hl{font-size:3.857142857142857rem}.htz-hm{line-height:1.2962962962962963em}.htz-id{font-size:2.2857142857142856rem}.htz-ie{line-height:1.3125em}.htz-iv{line-height:1.5em}}@media (max-width: 79.9375em){.htz-y{font-size:2.6666666666666665rem}.htz-z{line-height:1.5em}.htz-bm{font-size:1.8333333333333333rem}.htz-bn{line-height:1.6363636363636365em}.htz-bu{font-size:2rem}.htz-bv{line-height:2.714rem}.htz-hj{font-size:4rem}.htz-hk{line-height:1.25em}.htz-ib{font-size:2.3333333333333335rem}.htz-ic{line-height:1.2857142857142858em}}"`;
