// Jest Snapshot v1, https://goo.gl/fbAQLP

exports[`<CommentSent> DOM element renders correctly with minimal required props 1`] = `
<div>
  <div
    className="htz-a htz-b htz-c htz-d htz-e htz-f htz-g htz-h"
  >
    <form
      onKeyDown={[Function]}
    >
      <div>
        <p>
          <span
            className="htz-i"
          >
            תגובתך נקלטה בהצלחה, 
          </span>
          ותפורסם על פי מדיניות המערכת.
        </p>
        <p>
          באפשרותך לקבל התראה בדוא"ל כאשר תגובתך תאושר ותפורסם
        </p>
        <div
          className=""
        >
          <label
            className="htz-j htz-k htz-l htz-m htz-n htz-o htz-p htz-q htz-r htz-s htz-t htz-u htz-v htz-w htz-x htz-y htz-z htz-ab htz-ac htz-ae htz-af htz-ag htz-ah htz-e htz-f htz-ai htz-aj htz-ak htz-al htz-am htz-an htz-ao"
            htmlFor="0.123456789"
          >
            <div
              className=""
            >
              <span
                className="htz-ap htz-aq htz-ar htz-i htz-as htz-at htz-m htz-n htz-au htz-av htz-aw htz-ax htz-ay"
              >
                דוא"ל
              </span>
            </div>
            <input
              aria-describedby="0.123456789"
              className="htz-az htz-ba htz-bb htz-o htz-j htz-bc htz-bd"
              id="0.123456789"
              maxLength={200}
              onBlur={[Function]}
              onChange={[Function]}
              onFocus={[Function]}
              type="email"
              value=""
            />
          </label>
          <span
            className="htz-be htz-bf htz-bg htz-bh htz-bi htz-bj"
            id="0.123456789"
          >
            הזינו כתובת דוא"ל לקבלת התראות
          </span>
        </div>
        <div
          className="htz-bk"
        >
          <button
            className="htz-l htz-bl htz-bm htz-bn htz-j htz-bo htz-i htz-bb htz-bp htz-p htz-bq htz-br htz-bs htz-ap htz-bt htz-bu htz-e htz-f htz-aj htz-ae htz-af htz-ah htz-z htz-ab htz-bv htz-w htz-x htz-bw htz-bx htz-ba htz-by htz-bz htz-ca htz-cb htz-cc htz-cd htz-ce htz-cf htz-cg htz-ch htz-ci htz-bc htz-cj htz-ck htz-cl htz-cm htz-cn htz-co htz-cp htz-cq htz-cr htz-cs htz-ct htz-cu htz-cv htz-ao htz-cw htz-cx htz-cy"
            id={null}
            onClick={[Function]}
            type="button"
          >
            <span
              className="htz-cz htz-da htz-av htz-aw htz-db htz-dc htz-dd"
            >
              עדכנו אותי
            </span>
            <span
              className="htz-de htz-df htz-dg htz-dh htz-di htz-dj htz-dk htz-o htz-dl htz-dm htz-dn htz-do htz-dp"
            />
          </button>
          <button
            className="htz-l htz-bl htz-bm htz-bn htz-j htz-bo htz-i htz-bb htz-bp htz-p htz-bq htz-br htz-bs htz-ap htz-bt htz-bu htz-e htz-f htz-aj htz-ae htz-af htz-ah htz-z htz-ab htz-b htz-w htz-x htz-c htz-bx htz-ba htz-by htz-bz htz-cb htz-cc htz-cd htz-ce htz-cf htz-cg htz-ch htz-ci htz-bc htz-cj htz-ck htz-cl htz-cm htz-cn htz-co htz-cp htz-cq htz-cr htz-cs htz-ct htz-cu htz-cv htz-ao htz-cw htz-cx htz-cy"
            id={null}
            onClick={[Function]}
            type="button"
          >
            <span
              className="htz-cz htz-da htz-av htz-aw htz-db htz-dc htz-dd"
            >
              לא תודה
            </span>
            <span
              className="htz-de htz-df htz-dg htz-dh htz-di htz-dj htz-dk htz-o htz-dl htz-dm htz-dn htz-do htz-dp"
            />
          </button>
        </div>
      </div>
    </form>
  </div>
</div>
`;

exports[`<CommentSent> DOM element renders correctly with minimal required props 2`] = `".htz-a{background-color:#EBF2F5}.htz-b{padding-right:4rem}.htz-c{padding-left:4rem}.htz-d{padding-top:5.4rem}.htz-e{border-bottom-width:1px}.htz-f{border-bottom-style:solid}.htz-g{border-bottom-color:#006B96}.htz-h{padding-bottom:calc(11rem - 1px)}.htz-i{font-weight:bold}.htz-j{cursor:pointer}.htz-k{display:-webkit-box;display:-moz-box;display:-ms-flexbox;display:-webkit-flex;display:flex}.htz-l{align-items:center}.htz-m{padding-right:1rem}.htz-n{padding-left:1rem}.htz-o{width:100%}.htz-p{position:relative}.htz-u{color:#2D2D2D}.htz-v{background-color:#FFF}.htz-w{border-left-width:1px}.htz-x{border-left-style:solid}.htz-y{border-left-color:#DAE9F2}.htz-z{border-right-width:1px}.htz-ab{border-right-style:solid}.htz-ac{border-right-color:#DAE9F2}.htz-ae{border-top-width:1px}.htz-af{border-top-style:solid}.htz-ag{border-top-color:#DAE9F2}.htz-ah{padding-top:calc(1rem - 1px)}.htz-ai{border-bottom-color:#DAE9F2}.htz-aj{padding-bottom:calc(1rem - 1px)}.htz-ak{margin-top:4rem}.htz-al:hover{background-color:#E6EDF0}.htz-am:hover{border-color:#DAE9F2}.htz-an:hover{color:#2D2D2D}.htz-ao{-webkit-box-align:center}.htz-ap{white-space:nowrap}.htz-aq{margin-left:1rem}.htz-ar{color:#006B96}.htz-as{transition-property:transform}.htz-at{bottom:0.7rem}.htz-au{margin-right:-1rem}.htz-av{transition-duration:0.16666666666666666s}.htz-aw{transition-timing-function:cubic-bezier(.55, 0, .1, 1)}.htz-ax{-webkit-transition-property:transform}.htz-ay{-moz-transition-property:transform}.htz-az{border:none}.htz-ba{background-color:transparent}.htz-bb{font-size:inherit}.htz-bc:focus{outline:none}.htz-bd:focus{cursor:-webkit-text;cursor:text}.htz-be{display:block}.htz-bj{color:#787878}.htz-bk{margin-top:3rem}.htz-bl{-webkit-appearance:none}.htz-bm{-moz-appearance:none}.htz-bn{appearance:none}.htz-bo{display:-webkit-inline-box;display:-moz-inline-box;display:-ms-inline-flexbox;display:-webkit-inline-flex;display:inline-flex}.htz-bp{justify-content:center}.htz-bq{transform:scale(1)}.htz-br{transition:all 0.16666666666666666s cubic-bezier(0, 0, .2, 0) , transform .3s cubic-bezier(.55, 0, .1, 1) .3s, backgroundColor .25s cubic-bezier(0, 0, .2, 0)}.htz-bs{text-decoration:none}.htz-bt::moz-focus-inner{border:0}.htz-bu::moz-focus-inner{padding:0}.htz-bv{padding-right:5rem}.htz-bw{padding-left:5rem}.htz-bx{border-radius:0}.htz-by{border-color:#0B7EB5}.htz-bz{color:#0B7EB5}.htz-ca{margin-left:2rem}.htz-cb:visited{color:#0B7EB5}.htz-cc:hover{text-decoration:none}.htz-cd:hover{transition:all 0.16666666666666666s cubic-bezier(.55, 0, .1, 1) , transform .3s cubic-bezier(.55, 0, .1, 1) .3s, backgroundColor .25s cubic-bezier(.55, 0, .1, 1)}.htz-ce:hover{background-color:#ACD2ED}.htz-cf:hover{border-color:#006B96}.htz-cg:hover{color:#006B96}.htz-ch:hover{-webkit-transition:all 0.16666666666666666s cubic-bezier(.55, 0, .1, 1) , transform .3s cubic-bezier(.55, 0, .1, 1) .3s, backgroundColor .25s cubic-bezier(.55, 0, .1, 1)}.htz-ci:hover{-moz-transition:all 0.16666666666666666s cubic-bezier(.55, 0, .1, 1) , transform .3s cubic-bezier(.55, 0, .1, 1) .3s, backgroundColor .25s cubic-bezier(.55, 0, .1, 1)}.htz-cj:focus{text-decoration:none}.htz-ck:focus{transition:all 0.16666666666666666s cubic-bezier(.55, 0, .1, 1) , transform .3s cubic-bezier(.55, 0, .1, 1) .3s, backgroundColor .25s cubic-bezier(.55, 0, .1, 1)}.htz-cl:focus{background-color:#0B7EB5}.htz-cm:focus{border-color:#0B7EB5}.htz-cn:focus{color:#FFF}.htz-co:focus{-webkit-transition:all 0.16666666666666666s cubic-bezier(.55, 0, .1, 1) , transform .3s cubic-bezier(.55, 0, .1, 1) .3s, backgroundColor .25s cubic-bezier(.55, 0, .1, 1)}.htz-cp:focus{-moz-transition:all 0.16666666666666666s cubic-bezier(.55, 0, .1, 1) , transform .3s cubic-bezier(.55, 0, .1, 1) .3s, backgroundColor .25s cubic-bezier(.55, 0, .1, 1)}.htz-cq:active{outline:none}.htz-cr:active{text-decoration:none}.htz-cs:active{transition-duration:0s}.htz-ct:active{background-color:#EBF2F5}.htz-cu:active{border-color:#0B7EB5}.htz-cv:active{color:#006B96}.htz-cw{-webkit-box-pack:center}.htz-cx{-webkit-transition:all 0.16666666666666666s cubic-bezier(0, 0, .2, 0) , transform .3s cubic-bezier(.55, 0, .1, 1) .3s, backgroundColor .25s cubic-bezier(0, 0, .2, 0)}.htz-cy{-moz-transition:all 0.16666666666666666s cubic-bezier(0, 0, .2, 0) , transform .3s cubic-bezier(.55, 0, .1, 1) .3s, backgroundColor .25s cubic-bezier(0, 0, .2, 0)}.htz-cz{opacity:1}.htz-da{transition-property:opacity}.htz-db{transition-delay:.3s}.htz-dc{-webkit-transition-property:opacity}.htz-dd{-moz-transition-property:opacity}.htz-de{background-color:rgba(200,200,200, 0.3)}.htz-df{height:100%}.htz-dg{right:0}.htz-dh{position:absolute}.htz-di{top:0}.htz-dj{transform:scaleX(0)}.htz-dk{transform-origin:right}.htz-dl{animation-direction:alternate}.htz-dm{animation-iteration-count:infinite}.htz-dn{animation-duration:1s}.htz-do{animation-delay:0.75s}.htz-dp{animation-timing-function:cubic-bezier(.55, 0, .1, 1)}@media (max-width: 79.9375em){.htz-q{font-size:2.6666666666666665rem}.htz-r{line-height:1.5em}.htz-bf{font-size:1.8333333333333333rem}.htz-bg{line-height:1.6363636363636365em}}@media (min-width: 80em){.htz-s{font-size:2.5714285714285716rem}.htz-t{line-height:1.5555555555555556em}.htz-bh{font-size:1.7142857142857142rem}.htz-bi{line-height:1.75em}}"`;

exports[`<CommentSent> DOM element renders correctly with minimal required props, display Thank you true 1`] = `
<div>
  <div
    className="htz-a htz-b htz-c htz-d htz-e htz-f htz-g htz-h htz-i"
  >
    <div>
      <span
        className="htz-j"
      >
        תודה!
      </span>
      <p
        className="htz-k"
      >
        תגובתך נקלטה בהצלחה ותפורסם על פי מדיניות המערכת
      </p>
      <button
        className="htz-l htz-m htz-n htz-o htz-p htz-q htz-j htz-r htz-s htz-t htz-u htz-v htz-w htz-x htz-y htz-z htz-e htz-f htz-ab htz-ac htz-ae htz-af htz-ag htz-ah htz-ai htz-aj htz-ak htz-al htz-am htz-an htz-ao htz-ap htz-aq htz-ar htz-as htz-at htz-au htz-av htz-aw htz-ax htz-ay htz-az htz-ba htz-bb htz-bc htz-bd htz-be htz-bf htz-bg htz-bh htz-bi htz-bj htz-bk htz-bl htz-bm htz-bn htz-bo htz-bp"
        id={null}
        onClick={[MockFunction]}
        type="button"
      >
        <span
          className="htz-bq htz-br htz-bs htz-bt htz-bu htz-bv htz-bw"
        >
          סגור
        </span>
        <span
          className="htz-bx htz-by htz-bz htz-ca htz-cb htz-cc htz-cd htz-ce htz-cf htz-cg htz-ch htz-ci htz-cj"
        />
      </button>
    </div>
  </div>
</div>
`;

exports[`<CommentSent> DOM element renders correctly with minimal required props, display Thank you true 2`] = `".htz-a{background-color:#EBF2F5}.htz-b{padding-right:4rem}.htz-c{padding-left:4rem}.htz-d{padding-top:9.4rem}.htz-e{border-bottom-width:1px}.htz-f{border-bottom-style:solid}.htz-g{border-bottom-color:#006B96}.htz-h{padding-bottom:calc(16rem - 1px)}.htz-i{text-align:center}.htz-j{font-weight:bold}.htz-k{margin-bottom:5rem}.htz-l{align-items:center}.htz-m{-webkit-appearance:none}.htz-n{-moz-appearance:none}.htz-o{appearance:none}.htz-p{cursor:pointer}.htz-q{display:-webkit-inline-box;display:-moz-inline-box;display:-ms-inline-flexbox;display:-webkit-inline-flex;display:inline-flex}.htz-r{font-size:inherit}.htz-s{justify-content:center}.htz-t{position:relative}.htz-u{transform:scale(1)}.htz-v{transition:all 0.16666666666666666s cubic-bezier(0, 0, .2, 0) , transform .3s cubic-bezier(.55, 0, .1, 1) .3s, backgroundColor .25s cubic-bezier(0, 0, .2, 0)}.htz-w{text-decoration:none}.htz-x{white-space:nowrap}.htz-y::moz-focus-inner{border:0}.htz-z::moz-focus-inner{padding:0}.htz-ab{padding-bottom:calc(1rem - 1px)}.htz-ac{border-top-width:1px}.htz-ae{border-top-style:solid}.htz-af{padding-top:calc(1rem - 1px)}.htz-ag{border-right-width:1px}.htz-ah{border-right-style:solid}.htz-ai{padding-right:3.5rem}.htz-aj{border-left-width:1px}.htz-ak{border-left-style:solid}.htz-al{padding-left:3.5rem}.htz-am{border-radius:0}.htz-an{background-color:transparent}.htz-ao{border-color:#0B7EB5}.htz-ap{color:#0B7EB5}.htz-aq:visited{color:#0B7EB5}.htz-ar:hover{text-decoration:none}.htz-as:hover{transition:all 0.16666666666666666s cubic-bezier(.55, 0, .1, 1) , transform .3s cubic-bezier(.55, 0, .1, 1) .3s, backgroundColor .25s cubic-bezier(.55, 0, .1, 1)}.htz-at:hover{background-color:#ACD2ED}.htz-au:hover{border-color:#006B96}.htz-av:hover{color:#006B96}.htz-aw:hover{-webkit-transition:all 0.16666666666666666s cubic-bezier(.55, 0, .1, 1) , transform .3s cubic-bezier(.55, 0, .1, 1) .3s, backgroundColor .25s cubic-bezier(.55, 0, .1, 1)}.htz-ax:hover{-moz-transition:all 0.16666666666666666s cubic-bezier(.55, 0, .1, 1) , transform .3s cubic-bezier(.55, 0, .1, 1) .3s, backgroundColor .25s cubic-bezier(.55, 0, .1, 1)}.htz-ay:focus{outline:none}.htz-az:focus{text-decoration:none}.htz-ba:focus{transition:all 0.16666666666666666s cubic-bezier(.55, 0, .1, 1) , transform .3s cubic-bezier(.55, 0, .1, 1) .3s, backgroundColor .25s cubic-bezier(.55, 0, .1, 1)}.htz-bb:focus{background-color:#0B7EB5}.htz-bc:focus{border-color:#0B7EB5}.htz-bd:focus{color:#FFF}.htz-be:focus{-webkit-transition:all 0.16666666666666666s cubic-bezier(.55, 0, .1, 1) , transform .3s cubic-bezier(.55, 0, .1, 1) .3s, backgroundColor .25s cubic-bezier(.55, 0, .1, 1)}.htz-bf:focus{-moz-transition:all 0.16666666666666666s cubic-bezier(.55, 0, .1, 1) , transform .3s cubic-bezier(.55, 0, .1, 1) .3s, backgroundColor .25s cubic-bezier(.55, 0, .1, 1)}.htz-bg:active{outline:none}.htz-bh:active{text-decoration:none}.htz-bi:active{transition-duration:0s}.htz-bj:active{background-color:#EBF2F5}.htz-bk:active{border-color:#0B7EB5}.htz-bl:active{color:#006B96}.htz-bm{-webkit-box-align:center}.htz-bn{-webkit-box-pack:center}.htz-bo{-webkit-transition:all 0.16666666666666666s cubic-bezier(0, 0, .2, 0) , transform .3s cubic-bezier(.55, 0, .1, 1) .3s, backgroundColor .25s cubic-bezier(0, 0, .2, 0)}.htz-bp{-moz-transition:all 0.16666666666666666s cubic-bezier(0, 0, .2, 0) , transform .3s cubic-bezier(.55, 0, .1, 1) .3s, backgroundColor .25s cubic-bezier(0, 0, .2, 0)}.htz-bq{opacity:1}.htz-br{transition-property:opacity}.htz-bs{transition-duration:0.16666666666666666s}.htz-bt{transition-timing-function:cubic-bezier(.55, 0, .1, 1)}.htz-bu{transition-delay:.3s}.htz-bv{-webkit-transition-property:opacity}.htz-bw{-moz-transition-property:opacity}.htz-bx{background-color:rgba(200,200,200, 0.3)}.htz-by{height:100%}.htz-bz{right:0}.htz-ca{position:absolute}.htz-cb{top:0}.htz-cc{transform:scaleX(0)}.htz-cd{transform-origin:right}.htz-ce{width:100%}.htz-cf{animation-direction:alternate}.htz-cg{animation-iteration-count:infinite}.htz-ch{animation-duration:1s}.htz-ci{animation-delay:0.75s}.htz-cj{animation-timing-function:cubic-bezier(.55, 0, .1, 1)}"`;
