// Jest Snapshot v1, https://goo.gl/fbAQLP

exports[`<CommentForm> DOM element renders correctly with minimal required props 1`] = `
<div>
  <form>
    <div
      className="htz-a htz-b htz-c htz-d htz-e htz-f htz-g htz-h htz-i"
    >
      <div
        className="htz-b htz-j htz-k"
      >
        <div
          className="htz-l htz-m htz-n"
        >
          <div
            className=""
          >
            <label
              className="htz-o htz-b htz-p htz-q htz-r htz-s htz-t htz-u htz-v htz-w htz-x htz-y htz-z htz-ab htz-ac htz-ae htz-af htz-ag htz-ah htz-ai htz-aj htz-ak htz-al htz-d htz-e htz-am htz-an htz-ao htz-ap htz-aq htz-ar"
              htmlFor="0.123456789"
            >
              <div
                className=""
              >
                <span
                  className="htz-as htz-at htz-au htz-av htz-aw htz-ax htz-q htz-r htz-ay htz-az htz-ba htz-bb htz-bc"
                >
                  שם
                </span>
              </div>
              <input
                aria-describedby="0.123456789"
                className="htz-bd htz-be htz-bf htz-s htz-o htz-bg htz-bh"
                id="0.123456789"
                maxLength={50}
                onBlur={[Function]}
                onChange={[Function]}
                onFocus={[Function]}
                type="text"
                value=""
              />
            </label>
            <span
              className="htz-m htz-bi htz-bj htz-bk htz-bl htz-bm"
              id="0.123456789"
            >
              הזינו שם שיוצג כמחבר התגובה
            </span>
          </div>
        </div>
        <button
          className="htz-bn htz-bo htz-bp htz-bq htz-br htz-bs htz-bt htz-bu htz-d htz-e htz-bv htz-bw htz-bx htz-by htz-bz htz-ca htz-bg"
          onClick={[Function]}
          type="button"
        >
          להוספת תגובה מזוהה לחצו כאן
        </button>
      </div>
      <div
        className=""
      >
        <label
          className="htz-o htz-b htz-j htz-c htz-q htz-r htz-s htz-u htz-v htz-w htz-x htz-y htz-z htz-ab htz-ac htz-ae htz-af htz-ag htz-ah htz-ai htz-aj htz-ak htz-al htz-d htz-e htz-am htz-an htz-cb htz-ao htz-ap htz-aq htz-k htz-h htz-i"
          htmlFor="0.123456789"
          onClick={[Function]}
        >
          <div
            className="htz-s htz-b htz-cc htz-cd"
          >
            <span
              className="htz-as htz-at htz-au htz-av htz-aw htz-az htz-ba htz-l htz-ce htz-d htz-e htz-bv htz-an htz-bb htz-bc htz-n"
              id="0.123456789"
            >
              תגובה
            </span>
            <div>
               
              <button
                aria-checked={false}
                arial-label="italic"
                className="htz-p htz-cf htz-cg htz-ch htz-o htz-ci htz-av htz-bf htz-cj htz-t htz-ck htz-cl htz-cm htz-as htz-cn htz-co htz-cp htz-cq htz-cr htz-cs htz-ct htz-cu htz-cv htz-cw htz-cx htz-cy htz-cz htz-da htz-af htz-ag htz-db htz-ab htz-ac htz-dc htz-dd htz-z htz-de htz-y htz-df htz-dg htz-at htz-dh htz-di htz-dj htz-dk htz-ao htz-dl htz-aq htz-dm htz-dn htz-bg htz-do htz-dp htz-dq htz-dr htz-ds htz-dt htz-du htz-dv htz-dw htz-dx htz-dy htz-dz htz-ea htz-ar htz-eb htz-ec htz-ed"
                id={null}
                onClick={[Function]}
                onMouseDown={[Function]}
                role="switch"
                type="button"
              >
                <span
                  className="htz-ee htz-ef htz-az htz-ba htz-eg htz-eh htz-ei"
                >
                  <svg
                    className="htz-ej htz-ek htz-el"
                    height="1em"
                    viewBox="0 0 256 256"
                    width="1em"
                  >
                      
                    <path
                      d="M147.7 229.7l-2.2 7H53.6l2.2-7h5c6.6 0 12.2-1.2 16.8-3.6 4.6-2.4 7.7-5.2 9.4-8.3 1.7-3.2 4.1-10.1 7.3-20.8l41.9-138.4c3.3-10.7 5-17.4 5-20 0-7.7-6.9-11.5-20.7-11.5l-5.8-1 2.2-7h85.6l-2.2 7h-4.5c-5.1 0-9.8.9-14 2.7-4.2 1.8-7.1 4.3-8.9 7.5-1.8 3.2-4.7 11.5-8.7 24.9l-40.6 133.3c-3.1 10.2-4.7 16.6-4.7 19.2 0 5.2 2.3 9.1 6.8 11.5 4.5 2.4 9.8 3.6 15.6 3.6l6.4.9z"
                      fill="currentColor"
                    />
                  </svg>
                </span>
                <span
                  className="htz-em htz-en htz-eo htz-ep htz-eq htz-er htz-es htz-s htz-et htz-eu htz-ev htz-ew htz-ex"
                />
              </button>
              <button
                aria-checked={false}
                arial-label="bold"
                className="htz-p htz-cf htz-cg htz-ch htz-o htz-ci htz-av htz-bf htz-cj htz-t htz-ck htz-cl htz-cm htz-as htz-cn htz-co htz-cp htz-cq htz-cr htz-cs htz-ct htz-cu htz-cv htz-cw htz-cx htz-cy htz-cz htz-da htz-af htz-ag htz-db htz-ab htz-ac htz-dc htz-dd htz-z htz-de htz-y htz-dg htz-ey htz-dh htz-di htz-dj htz-dk htz-ao htz-dl htz-aq htz-dm htz-dn htz-bg htz-do htz-dp htz-dq htz-dr htz-ds htz-dt htz-du htz-dv htz-dw htz-dx htz-dy htz-dz htz-ea htz-ar htz-eb htz-ec htz-ed"
                id={null}
                onClick={[Function]}
                onMouseDown={[Function]}
                role="switch"
                type="button"
              >
                <span
                  className="htz-ee htz-ef htz-az htz-ba htz-eg htz-eh htz-ei"
                >
                  <svg
                    className="htz-ej htz-ek htz-el"
                    height="1em"
                    viewBox="0 0 256 256"
                    width="1em"
                  >
                      
                    <path
                      d="M163.1 122c20.3 3.7 35.4 10.2 45.6 19.6 10.1 9.4 15.2 21.6 15.2 36.7 0 16.9-6.5 30.3-19.4 40-13 9.8-34.5 14.6-64.6 14.6h-108V216c10.8 0 18-1.7 21.6-5.2 3.5-3.4 5.3-10.2 5.3-20.4V68c0-9.9-1.7-16.6-5-20.2-3.3-3.6-10.6-5.4-21.9-5.4V25.3L111 23h11.2c35.6 0 59.9 4.5 72.9 13.5 13 9 19.4 21.2 19.4 36.7 0 11.7-4.3 21.6-12.8 29.7-8.5 8.2-21.4 14.5-38.6 19.1zm-49.6-8.4h10.6c11.3 0 19.7-2.6 25.2-7.9 5.5-5.3 8.3-14.4 8.3-27.5 0-9.7-1.7-17.4-5.2-23.1-3.5-5.6-8.1-9.3-13.8-10.9-5.7-1.6-14.1-2.5-25.2-2.5v71.9zm0 17.9v59.2c0 5.7.6 10.1 1.8 13.1 1.2 3 3.5 5.5 6.9 7.5 3.4 2 8.3 3 14.5 3 9.7 0 17.1-3.4 21.9-10.3 4.9-6.9 7.3-17.2 7.3-30.9 0-11-1.6-19.6-4.8-25.8-3.2-6.2-7.5-10.4-13.1-12.5-5.5-2.2-13.7-3.2-24.6-3.2h-9.9z"
                      fill="currentColor"
                    />
                  </svg>
                </span>
                <span
                  className="htz-em htz-en htz-eo htz-ep htz-eq htz-er htz-es htz-s htz-et htz-eu htz-ev htz-ew htz-ex"
                />
              </button>
            </div>
          </div>
          <div
            aria-describedby="0.123456789"
            aria-labelledby="0.123456789"
            aria-multiline={true}
            className="htz-bd htz-be htz-ez htz-fa htz-fb htz-bf htz-s htz-o htz-fc htz-bg htz-bh"
            contentEditable={true}
            dangerouslySetInnerHTML={
              Object {
                "__html": "",
              }
            }
            id="0.123456789"
            onBlur={[Function]}
            onFocus={[Function]}
            onInput={[Function]}
            onKeyUp={[Function]}
            onMouseDown={[Function]}
            onMouseUp={[Function]}
            onPaste={[Function]}
            role="textbox"
            type="text"
          />
        </label>
        <span
          className="htz-m htz-bi htz-bj htz-bk htz-bl htz-bm"
          id="0.123456789"
        >
          בשליחת תגובה זו הנני מצהיר שהינני מסכים/ה עם תנאי השימוש של אתר הארץ
        </span>
      </div>
      <div
        className="htz-b htz-fd htz-cc htz-fe htz-i htz-cd"
      >
        <div
          className="htz-bp htz-ff"
        >
          <button
            className="htz-p htz-cf htz-cg htz-ch htz-o htz-fg htz-av htz-bf htz-cj htz-t htz-ck htz-cl htz-cm htz-as htz-cn htz-co htz-d htz-e htz-fh htz-ai htz-aj htz-fi htz-af htz-ag htz-fj htz-ab htz-ac htz-fk htz-dd htz-a htz-fl htz-bo htz-fm htz-dj htz-dk htz-fn htz-fo htz-fp htz-dm htz-dn htz-bg htz-do htz-dp htz-dq htz-fq htz-ds htz-dt htz-du htz-dv htz-dw htz-dx htz-fr htz-fs htz-ft htz-ar htz-eb htz-ec htz-ed"
            id={null}
            onClick={[Function]}
            type="button"
          >
            <span
              className="htz-ee htz-ef htz-az htz-ba htz-eg htz-eh htz-ei"
            >
              שלחו
            </span>
            <span
              className="htz-em htz-en htz-eo htz-ep htz-eq htz-er htz-es htz-s htz-et htz-eu htz-ev htz-ew htz-ex"
            />
          </button>
        </div>
      </div>
    </div>
  </form>
</div>
`;

exports[`<CommentForm> DOM element renders correctly with minimal required props 2`] = `".htz-a{background-color:#FFF}.htz-b{display:-webkit-box;display:-moz-box;display:-ms-flexbox;display:-webkit-flex;display:flex}.htz-c{flex-direction:column}.htz-d{border-bottom-width:1px}.htz-e{border-bottom-style:solid}.htz-f{border-bottom-color:#B4B4B4}.htz-g{padding-bottom:calc(2rem - 1px)}.htz-h{-webkit-box-orient:vertical}.htz-i{-webkit-box-direction:normal}.htz-j{align-items:flex-start}.htz-k{-webkit-box-align:right}.htz-l{flex-grow:1}.htz-m{display:block}.htz-n{-webkit-box-flex:1}.htz-o{cursor:pointer}.htz-p{align-items:center}.htz-q{padding-right:1rem}.htz-r{padding-left:1rem}.htz-s{width:100%}.htz-t{position:relative}.htz-y{color:#2D2D2D}.htz-z{background-color:#EBF2F5}.htz-ab{border-left-width:1px}.htz-ac{border-left-style:solid}.htz-ae{border-left-color:#DAE9F2}.htz-af{border-right-width:1px}.htz-ag{border-right-style:solid}.htz-ah{border-right-color:#DAE9F2}.htz-ai{border-top-width:1px}.htz-aj{border-top-style:solid}.htz-ak{border-top-color:#DAE9F2}.htz-al{padding-top:calc(1rem - 1px)}.htz-am{border-bottom-color:#DAE9F2}.htz-an{padding-bottom:calc(1rem - 1px)}.htz-ao:hover{background-color:#E6EDF0}.htz-ap:hover{border-color:#DAE9F2}.htz-aq:hover{color:#2D2D2D}.htz-ar{-webkit-box-align:center}.htz-as{white-space:nowrap}.htz-at{margin-left:1rem}.htz-au{color:#006B96}.htz-av{font-weight:bold}.htz-aw{transition-property:transform}.htz-ax{bottom:0.7rem}.htz-ay{margin-right:-1rem}.htz-az{transition-duration:0.16666666666666666s}.htz-ba{transition-timing-function:cubic-bezier(.55, 0, .1, 1)}.htz-bb{-webkit-transition-property:transform}.htz-bc{-moz-transition-property:transform}.htz-bd{border:none}.htz-be{background-color:transparent}.htz-bf{font-size:inherit}.htz-bg:focus{outline:none}.htz-bh:focus{cursor:-webkit-text;cursor:text}.htz-bm{color:#505050}.htz-bn{width:16rem}.htz-bo{color:#0B7EB5}.htz-bp{margin-top:1rem}.htz-bv{border-bottom-color:transparent}.htz-bw{padding-bottom:calc(0.7rem - 1px)}.htz-bx:hover{border-bottom-width:1px}.htz-by:hover{border-bottom-style:solid}.htz-bz:hover{border-bottom-color:#0B7EB5}.htz-ca:hover{padding-bottom:calc(0.7rem - 1px)}.htz-cb{margin-top:4.14rem}.htz-cc{justify-content:space-between}.htz-cd{-webkit-box-pack:justify}.htz-ce{margin-bottom:1rem}.htz-cf{-webkit-appearance:none}.htz-cg{-moz-appearance:none}.htz-ch{appearance:none}.htz-ci{display:none}.htz-cj{justify-content:center}.htz-ck{transform:scale(1)}.htz-cl{transition:all 0.16666666666666666s cubic-bezier(0, 0, .2, 0) , transform .3s cubic-bezier(.55, 0, .1, 1) .3s, backgroundColor .25s cubic-bezier(0, 0, .2, 0)}.htz-cm{text-decoration:none}.htz-cn::moz-focus-inner{border:0}.htz-co::moz-focus-inner{padding:0}.htz-cp:after{content:\\"\\"}.htz-cq:after{height:1px}.htz-cr:after{position:absolute}.htz-cs:after{width:100%}.htz-ct:after{bottom:0}.htz-cu:after{right:0}.htz-cv:before{content:\\"\\"}.htz-cw:before{height:1px}.htz-cx:before{position:absolute}.htz-cy:before{width:100%}.htz-cz:before{right:0}.htz-da:before{top:0}.htz-db{padding-right:0rem}.htz-dc{padding-left:0rem}.htz-dd{border-radius:0}.htz-de{border-color:transparent}.htz-df{font-style:italic}.htz-dg{height:5rem}.htz-dh{width:5rem}.htz-di:visited{color:#2D2D2D}.htz-dj:hover{text-decoration:none}.htz-dk:hover{transition:all 0.16666666666666666s cubic-bezier(.55, 0, .1, 1) , transform .3s cubic-bezier(.55, 0, .1, 1) .3s, backgroundColor .25s cubic-bezier(.55, 0, .1, 1)}.htz-dl:hover{border-color:transparent}.htz-dm:hover{-webkit-transition:all 0.16666666666666666s cubic-bezier(.55, 0, .1, 1) , transform .3s cubic-bezier(.55, 0, .1, 1) .3s, backgroundColor .25s cubic-bezier(.55, 0, .1, 1)}.htz-dn:hover{-moz-transition:all 0.16666666666666666s cubic-bezier(.55, 0, .1, 1) , transform .3s cubic-bezier(.55, 0, .1, 1) .3s, backgroundColor .25s cubic-bezier(.55, 0, .1, 1)}.htz-do:focus{text-decoration:none}.htz-dp:focus{transition:all 0.16666666666666666s cubic-bezier(.55, 0, .1, 1) , transform .3s cubic-bezier(.55, 0, .1, 1) .3s, backgroundColor .25s cubic-bezier(.55, 0, .1, 1)}.htz-dq:focus{background-color:#0B7EB5}.htz-dr:focus{border-color:transparent}.htz-ds:focus{color:#FFF}.htz-dt:focus{-webkit-transition:all 0.16666666666666666s cubic-bezier(.55, 0, .1, 1) , transform .3s cubic-bezier(.55, 0, .1, 1) .3s, backgroundColor .25s cubic-bezier(.55, 0, .1, 1)}.htz-du:focus{-moz-transition:all 0.16666666666666666s cubic-bezier(.55, 0, .1, 1) , transform .3s cubic-bezier(.55, 0, .1, 1) .3s, backgroundColor .25s cubic-bezier(.55, 0, .1, 1)}.htz-dv:active{outline:none}.htz-dw:active{text-decoration:none}.htz-dx:active{transition-duration:0s}.htz-dy:active{background-color:#0B7EB5}.htz-dz:active{border-color:transparent}.htz-ea:active{color:#FFF}.htz-eb{-webkit-box-pack:center}.htz-ec{-webkit-transition:all 0.16666666666666666s cubic-bezier(0, 0, .2, 0) , transform .3s cubic-bezier(.55, 0, .1, 1) .3s, backgroundColor .25s cubic-bezier(0, 0, .2, 0)}.htz-ed{-moz-transition:all 0.16666666666666666s cubic-bezier(0, 0, .2, 0) , transform .3s cubic-bezier(.55, 0, .1, 1) .3s, backgroundColor .25s cubic-bezier(0, 0, .2, 0)}.htz-ee{opacity:1}.htz-ef{transition-property:opacity}.htz-eg{transition-delay:.3s}.htz-eh{-webkit-transition-property:opacity}.htz-ei{-moz-transition-property:opacity}.htz-ej{vertical-align:-0.15em}.htz-ek{color:inherit}.htz-el{fill:#FFF}.htz-em{background-color:rgba(200,200,200, 0.3)}.htz-en{height:100%}.htz-eo{right:0}.htz-ep{position:absolute}.htz-eq{top:0}.htz-er{transform:scaleX(0)}.htz-es{transform-origin:right}.htz-et{animation-direction:alternate}.htz-eu{animation-iteration-count:infinite}.htz-ev{animation-duration:1s}.htz-ew{animation-delay:0.75s}.htz-ex{animation-timing-function:cubic-bezier(.55, 0, .1, 1)}.htz-ey{margin-top:calc(1px - 1rem)}.htz-ez{overflow:auto}.htz-fa{word-wrap:break-word}.htz-fb{word-break:break-word}.htz-fc{height:14rem}.htz-fd{flex-direction:row}.htz-fe{-webkit-box-orient:horizontal}.htz-ff{margin-right:auto}.htz-fg{display:-webkit-inline-box;display:-moz-inline-box;display:-ms-inline-flexbox;display:-webkit-inline-flex;display:inline-flex}.htz-fh{padding-bottom:calc(0.5rem - 1px)}.htz-fi{padding-top:calc(0.5rem - 1px)}.htz-fj{padding-right:5rem}.htz-fk{padding-left:5rem}.htz-fl{border-color:#0B7EB5}.htz-fm:visited{color:#0B7EB5}.htz-fn:hover{background-color:#ACD2ED}.htz-fo:hover{border-color:#006B96}.htz-fp:hover{color:#006B96}.htz-fq:focus{border-color:#0B7EB5}.htz-fr:active{background-color:#EBF2F5}.htz-fs:active{border-color:#0B7EB5}.htz-ft:active{color:#006B96}@media (max-width: 79.9375em){.htz-u{font-size:2.6666666666666665rem}.htz-v{line-height:1.5em}.htz-bi{font-size:1.8333333333333333rem}.htz-bj{line-height:1.6363636363636365em}.htz-bq{font-size:2rem}.htz-br{line-height:2.714rem}}@media (min-width: 80em){.htz-w{font-size:2.5714285714285716rem}.htz-x{line-height:1.5555555555555556em}.htz-bk{font-size:1.7142857142857142rem}.htz-bl{line-height:1.75em}.htz-bs{font-size:2rem}.htz-bt{line-height:2.714rem}}@media (max-width: 37.4375em){.htz-bu{display:none}}"`;
