// Jest Snapshot v1, https://goo.gl/fbAQLP

exports[`<Comment> DOM element renders correctly with required props 1`] = `
<div>
  <div
    className="htz-a"
  >
    <article
      className="htz-b htz-c htz-d htz-e htz-f"
    >
      <div
        className="htz-g htz-h htz-i htz-j htz-k htz-l htz-m htz-n htz-o"
      >
        <div
          className="htz-p htz-q htz-r htz-s htz-t htz-u htz-v htz-w htz-x"
        >
          <span>
            
          </span>
        </div>
        <div
          className="htz-y htz-z htz-ab htz-ac htz-ae"
        >
          <div
            className="htz-y htz-g htz-h htz-af htz-ag htz-ah htz-ai htz-m htz-n htz-aj htz-ak"
          >
            <h2
              className="htz-al htz-am htz-an htz-ao htz-ap htz-aq htz-ar htz-as htz-at htz-au htz-av htz-aw htz-ax"
              data-test="comment-author"
              onClick={[Function]}
            >
              אורי ויסלאורי ויסלאורי ויסלאורי ויסלאורי ויסלאורי ויסלאורי ויסלאורי ויסלאורי ויסלאורי ויסלאורי ויסלאורי ויסלר
            </h2>
            <span
              className="htz-q htz-aq htz-ay htz-az htz-ba htz-bb htz-bc"
            >
              08:57
            </span>
            <span
              className="htz-bd htz-ap"
            >
              |
              בחירת העורכים
            </span>
          </div>
          <div>
            <div
              className="htz-be htz-an htz-bf"
            >
              התמונה בכתבה היא בסבירות גבוהה לא מבאבי יאר
            </div>
            <div
              className="htz-be htz-an htz-bf"
              dangerouslySetInnerHTML={
                Object {
                  "__html": "long text sdmgalkgmlaskgmaslkg lsdlk jasldk lsdkj lksajg lskdgjaslkdgjmlaskgjmlasdkgjmslkdgmsldk sdlkmg slakgmsdgasdgb;l,sad;lgb,s;adb,b fl;,b ;dflb,df;lb, dsdfagkjerngkjawn vkrj vkrejv erkjv krejgv krj vkrwej vkrjv kjrv krjv erkj vrej  v",
                }
              }
            />
          </div>
          <div
            className="htz-g htz-h htz-bg htz-ag htz-l htz-m htz-n htz-ak"
          >
            <button
              className="htz-ag htz-bh htz-bi htz-bj htz-bk htz-bl htz-bm htz-bn htz-bo htz-bp htz-bq htz-br htz-bs htz-ap htz-bt htz-bu htz-bv htz-bw htz-bx htz-by htz-bz htz-ca htz-cb htz-cc htz-cd htz-ce htz-cf htz-cg htz-ch htz-ci htz-cj htz-ck htz-cl htz-cm htz-cn htz-co htz-cp htz-c htz-d htz-cq htz-cr htz-cs htz-ct htz-cu htz-cv htz-cw htz-cx htz-cy htz-cz htz-da htz-db htz-dc htz-al htz-dd htz-de htz-au htz-av htz-aw htz-ax htz-ak htz-df htz-dg htz-dh"
              id={null}
              onClick={[Function]}
              type="button"
            >
              <span
                className="htz-di htz-dj htz-dk htz-dl htz-dm htz-dn htz-do"
              >
                הגיבו
              </span>
              <span
                className="htz-dp htz-dq htz-dr htz-ds htz-dt htz-du htz-dv htz-y htz-dw htz-dx htz-dy htz-dz htz-ea"
              />
            </button>
            <button
              className="htz-bl htz-ag htz-eb htz-ec htz-ed htz-ak"
              disabled={false}
              onClick={[Function]}
              type="button"
            >
              <svg
                className="htz-ee htz-al htz-ef htz-eg"
                height="1em"
                viewBox="0 0 256 256"
                width="1em"
              >
                  
                <path
                  d="M85 177H46V84h39v93zm116.2-92h-34.7c0-.1.1-.1.1-.2 7.9-15.2 9.7-22.7 9.4-35.3-.3-12.3-11.8-23-20.6-23.1-7.3 0-10.7 7.3-12.2 11.3-4.8 12.3-7.8 23.6-24.7 46.1-.5.7-1.3 1.1-2.1 1.1h-.1c-9.5 0-17.2 7.7-17.2 17.2v58.6c0 9.5 7.7 17.2 17.2 17.2h61c8.1 0 10.6-5.4 14.6-14.6 0 0 21.3-45.8 24.3-62.6 1.4-7.9-7-15.7-15-15.7z"
                  fill="currentColor"
                />
              </svg>
              <span
                className="htz-eh htz-ei htz-ej htz-ek htz-el htz-em htz-as htz-am htz-ds htz-en htz-ap"
                id="like"
              >
                אהבתי
              </span>
              <span
                className="htz-eo htz-ep htz-ay htz-bm htz-eq htz-av htz-er htz-es"
              >
                0
              </span>
            </button>
            <button
              className="htz-bl htz-ag htz-et htz-ec htz-de htz-ed htz-ak"
              disabled={false}
              onClick={[Function]}
              type="button"
            >
              <svg
                className="htz-ee htz-al htz-ef htz-eg"
                height="1em"
                viewBox="0 0 256 256"
                width="1em"
              >
                  
                <path
                  d="M173 84h39v93h-39V84zM56.8 176h34.7c0 .1-.1.1-.1.2-7.9 15.2-9.7 22.7-9.4 35.3.3 12.3 11.8 23 20.6 23.1 7.3 0 10.7-7.3 12.2-11.3 4.8-12.3 7.8-23.6 24.7-46.1.5-.7 1.3-1.1 2.1-1.1h.1c9.5 0 17.2-7.7 17.2-17.2v-58.6c0-9.5-7.7-17.2-17.2-17.2h-61c-8.1 0-10.6 5.4-14.6 14.6 0 0-21.3 45.8-24.3 62.6-1.4 7.9 7 15.7 15 15.7z"
                  fill="currentColor"
                />
              </svg>
              <span
                className="htz-eh htz-ei htz-ej htz-ek htz-el htz-em htz-as htz-am htz-ds htz-en htz-ap"
                id="dislike"
              >
                לא אהבתי
              </span>
              <span
                className="htz-eo htz-ep htz-ay htz-bm htz-eq htz-av htz-er htz-es"
              >
                0
              </span>
            </button>
            <button
              className="htz-ag htz-bh htz-bi htz-bj htz-bk htz-bl htz-bm htz-bn htz-bo htz-bp htz-bq htz-br htz-bs htz-ap htz-bt htz-bu htz-bv htz-bw htz-eu htz-ev htz-ew htz-ca htz-cb htz-cc htz-cd htz-ce htz-ex htz-ey htz-ez htz-ci htz-cj htz-ck htz-cl htz-cm htz-fa htz-fb htz-fc htz-c htz-d htz-cq htz-cr htz-cs htz-ct htz-cu htz-cv htz-cw htz-cx htz-cy htz-cz htz-da htz-db htz-fd htz-fe htz-ff htz-eq htz-av htz-er htz-es htz-fg htz-ak htz-df htz-dg htz-dh"
              id={null}
              onClick={[Function]}
              type="button"
            >
              <span
                className="htz-di htz-dj htz-dk htz-dl htz-dm htz-dn htz-do"
              >
                דווחו כפוגעני
              </span>
              <span
                className="htz-dp htz-dq htz-dr htz-ds htz-dt htz-du htz-dv htz-y htz-dw htz-dx htz-dy htz-dz htz-ea"
              />
            </button>
          </div>
        </div>
      </div>
    </article>
  </div>
</div>
`;

exports[`<Comment> DOM element renders correctly with required props 2`] = `".htz-a{background-color:#FFF}.htz-b{background-color:#EBF2F5}.htz-c{border-bottom-width:1px}.htz-d{border-bottom-style:solid}.htz-e{border-bottom-color:#B4B4B4}.htz-f{padding-bottom:calc(2rem - 1px)}.htz-g{display:-webkit-box;display:-moz-box;display:-ms-flexbox;display:-webkit-flex;display:flex}.htz-h{flex-direction:row}.htz-i{justify-content:flex-end}.htz-j{padding-right:1rem}.htz-k{padding-left:1rem}.htz-l{margin-top:2rem}.htz-m{-webkit-box-orient:horizontal}.htz-n{-webkit-box-direction:normal}.htz-o{-webkit-box-pack:left}.htz-p{width:8.5rem}.htz-q{color:#505050}.htz-r{flex-shrink:0}.htz-s{flex-grow:0}.htz-x{-webkit-box-flex:0}.htz-y{width:100%}.htz-z{flex-shrink:1}.htz-ab{flex-grow:1}.htz-ac{min-width:0}.htz-ae{-webkit-box-flex:1}.htz-af{justify-content:flex-start}.htz-ag{align-items:center}.htz-aj{-webkit-box-pack:right}.htz-ak{-webkit-box-align:center}.htz-al{color:#0B7EB5}.htz-am{padding:0}.htz-an{margin:0}.htz-ap{white-space:nowrap}.htz-aq{margin-left:1rem}.htz-ar{max-width:50%}.htz-as{overflow:hidden}.htz-at{text-overflow:ellipsis}.htz-ay{margin-right:1rem}.htz-bd{color:#169FD1}.htz-be{color:#2D2D2D}.htz-bf{word-break:break-word}.htz-bg{align-content:flex-start}.htz-bh{-webkit-appearance:none}.htz-bi{-moz-appearance:none}.htz-bj{appearance:none}.htz-bk{cursor:pointer}.htz-bl{display:-webkit-inline-box;display:-moz-inline-box;display:-ms-inline-flexbox;display:-webkit-inline-flex;display:inline-flex}.htz-bm{font-weight:bold}.htz-bn{font-size:inherit}.htz-bo{justify-content:center}.htz-bp{position:relative}.htz-bq{transform:scale(1)}.htz-br{transition:all 0.16666666666666666s cubic-bezier(0, 0, .2, 0) , transform .3s cubic-bezier(.55, 0, .1, 1) .3s, backgroundColor .25s cubic-bezier(0, 0, .2, 0)}.htz-bs{text-decoration:none}.htz-bt::moz-focus-inner{border:0}.htz-bu::moz-focus-inner{padding:0}.htz-cq{padding-bottom:calc(0.5rem - 1px)}.htz-cr{border-top-width:1px}.htz-cs{border-top-style:solid}.htz-ct{padding-top:calc(0.5rem - 1px)}.htz-cu{border-right-width:1px}.htz-cv{border-right-style:solid}.htz-cw{padding-right:2rem}.htz-cx{border-left-width:1px}.htz-cy{border-left-style:solid}.htz-cz{padding-left:2rem}.htz-da{border-radius:0}.htz-db{background-color:transparent}.htz-dc{border-color:#0B7EB5}.htz-de{margin-left:2rem}.htz-df{-webkit-box-pack:center}.htz-dg{-webkit-transition:all 0.16666666666666666s cubic-bezier(0, 0, .2, 0) , transform .3s cubic-bezier(.55, 0, .1, 1) .3s, backgroundColor .25s cubic-bezier(0, 0, .2, 0)}.htz-dh{-moz-transition:all 0.16666666666666666s cubic-bezier(0, 0, .2, 0) , transform .3s cubic-bezier(.55, 0, .1, 1) .3s, backgroundColor .25s cubic-bezier(0, 0, .2, 0)}.htz-di{opacity:1}.htz-dj{transition-property:opacity}.htz-dk{transition-duration:0.16666666666666666s}.htz-dl{transition-timing-function:cubic-bezier(.55, 0, .1, 1)}.htz-dm{transition-delay:.3s}.htz-dn{-webkit-transition-property:opacity}.htz-do{-moz-transition-property:opacity}.htz-dp{background-color:rgba(200,200,200, 0.3)}.htz-dq{height:100%}.htz-dr{right:0}.htz-ds{position:absolute}.htz-dt{top:0}.htz-du{transform:scaleX(0)}.htz-dv{transform-origin:right}.htz-dw{animation-direction:alternate}.htz-dx{animation-iteration-count:infinite}.htz-dy{animation-duration:1s}.htz-dz{animation-delay:0.75s}.htz-ea{animation-timing-function:cubic-bezier(.55, 0, .1, 1)}.htz-eb{margin-right:auto}.htz-ec:disabled{cursor:default}.htz-ee{vertical-align:-0.15em}.htz-ef{fill:#FFF}.htz-eg{font-size:3.5rem}.htz-eh{border:0}.htz-ei{clip:rect(0 0 0 0)}.htz-ej{-webkit-clip-path:inset(50%)}.htz-ek{clip-path:inset(50%)}.htz-el{height:1px}.htz-em{margin:-1px}.htz-en{width:1px}.htz-eo{color:#787878}.htz-ep{vertical-align:center}.htz-et{margin-right:2rem}.htz-fd{border-color:transparent}.htz-fe{color:#A8001C}.htz-dd:visited{color:#0B7EB5}.htz-ff:visited{color:#A8001C}.htz-ao:hover{cursor:pointer}.htz-bv:hover{text-decoration:none}.htz-bw:hover{transition:all 0.16666666666666666s cubic-bezier(.55, 0, .1, 1) , transform .3s cubic-bezier(.55, 0, .1, 1) .3s, backgroundColor .25s cubic-bezier(.55, 0, .1, 1)}.htz-bx:hover{background-color:#ACD2ED}.htz-by:hover{border-color:#006B96}.htz-bz:hover{color:#006B96}.htz-ca:hover{-webkit-transition:all 0.16666666666666666s cubic-bezier(.55, 0, .1, 1) , transform .3s cubic-bezier(.55, 0, .1, 1) .3s, backgroundColor .25s cubic-bezier(.55, 0, .1, 1)}.htz-cb:hover{-moz-transition:all 0.16666666666666666s cubic-bezier(.55, 0, .1, 1) , transform .3s cubic-bezier(.55, 0, .1, 1) .3s, backgroundColor .25s cubic-bezier(.55, 0, .1, 1)}.htz-eu:hover{background-color:#FEE}.htz-ev:hover{border-color:transparent}.htz-ew:hover{color:#8A021B}.htz-cc:focus{outline:none}.htz-cd:focus{text-decoration:none}.htz-ce:focus{transition:all 0.16666666666666666s cubic-bezier(.55, 0, .1, 1) , transform .3s cubic-bezier(.55, 0, .1, 1) .3s, backgroundColor .25s cubic-bezier(.55, 0, .1, 1)}.htz-cf:focus{background-color:#0B7EB5}.htz-cg:focus{border-color:#0B7EB5}.htz-ch:focus{color:#FFF}.htz-ci:focus{-webkit-transition:all 0.16666666666666666s cubic-bezier(.55, 0, .1, 1) , transform .3s cubic-bezier(.55, 0, .1, 1) .3s, backgroundColor .25s cubic-bezier(.55, 0, .1, 1)}.htz-cj:focus{-moz-transition:all 0.16666666666666666s cubic-bezier(.55, 0, .1, 1) , transform .3s cubic-bezier(.55, 0, .1, 1) .3s, backgroundColor .25s cubic-bezier(.55, 0, .1, 1)}.htz-ex:focus{background-color:#A8001C}.htz-ey:focus{border-color:transparent}.htz-ez:focus{color:#fff}.htz-ck:active{outline:none}.htz-cl:active{text-decoration:none}.htz-cm:active{transition-duration:0s}.htz-cn:active{background-color:#EBF2F5}.htz-co:active{border-color:#0B7EB5}.htz-cp:active{color:#006B96}.htz-fa:active{background-color:#fff !important}.htz-fb:active{border-color:transparent}.htz-fc:active{color:#A8001C}@media (max-width: 79.9375em){.htz-t{font-size:4rem}.htz-u{line-height:1.25em}.htz-au{font-size:2.6666666666666665rem}.htz-av{line-height:1.5em}.htz-az{font-size:2.3333333333333335rem}.htz-ba{line-height:1.2857142857142858em}.htz-eq{font-size:2rem}}@media (min-width: 80em){.htz-v{font-size:3.857142857142857rem}.htz-w{line-height:1.2962962962962963em}.htz-aw{font-size:2.5714285714285716rem}.htz-ax{line-height:1.5555555555555556em}.htz-bb{font-size:2.2857142857142856rem}.htz-bc{line-height:1.3125em}.htz-er{font-size:2rem}.htz-es{line-height:1.5em}}@media (max-width: 37.4375em){.htz-ah{flex-wrap:wrap}.htz-ai{-webkit-box-lines:multiple}.htz-ed{display:none}.htz-fg{margin-right:auto}}"`;
